
 RUN  v4.1.5 C:/Users/steph/Herd/oblivionfindings

 ✓ resources/js/lib/fleet-queue-context.test.ts > Fleet queue return context > keeps only supported local queues and their filter vocabulary 2ms
 ✓ resources/js/lib/fleet-queue-context.test.ts > Fleet queue return context > carries site and supported resource scope without rewriting external destinations 0ms
 ✓ resources/js/components/fleet-assets/vehicle-workspace/record-command.test.tsx > vehicle record command recovery > retains the original multipart bytes and metadata after an uncertain upload 33ms
 ✓ resources/js/components/fleet-assets/vehicle-workspace/record-command.test.tsx > vehicle record command recovery > retains multipart values, files, URL and method after an uncertain upload 4ms
 ✓ resources/js/components/fleet-assets/vehicle-workspace/record-command.test.tsx > vehicle record command recovery > retries the identical command after an uncertain save, even if a caller supplies different values 4ms
 ✓ resources/js/components/fleet-assets/vehicle-workspace/record-command.test.tsx > vehicle record command recovery > keeps field errors editable, assigning a new command identity only when the rejected payload changes 3ms
 ✓ resources/js/components/fleet-assets/vehicle-workspace/record-command.test.tsx > vehicle record command recovery > requires source refresh after a stale-version conflict and never retries over the newer source 3ms
 ✓ resources/js/components/fleet-assets/vehicle-workspace/record-command.test.tsx > vehicle record command recovery > does not treat a redirected login page or malformed success as a saved record 2ms
 ✓ resources/js/components/fleet-assets/vehicle-workspace/record-command.test.tsx > vehicle record command recovery > keeps a malformed success recoverable using the same original command 2ms
 ✓ resources/js/pages/fleet-assets/alerts/index.test.tsx > Fleet alert response > includes optional notes and the expected state of every selected alert in a bulk response 427ms
 ✓ resources/js/components/fleet-assets/fleet-workspace-navigation.test.tsx > Fleet workspace navigation > discovers permitted analytics for 'report only' without assuming Fleet operational access 328ms
stderr | resources/js/components/fleet-assets/vehicle-workspace/compliance-not-required.test.tsx > Not required for this vehicle > needs a reason, then records a new not-applicable version against the current one
An update to NotRequiredDialog inside a test was not wrapped in act(...).

When testing, code that causes React state updates should be wrapped into act(...):

act(() => {
  /* fire events that update state */
});
/* assert on the output */

This ensures that you're testing the behavior the user would see in the browser. Learn more at https://react.dev/link/wrap-tests-with-act

stderr | resources/js/components/fleet-assets/vehicle-workspace/compliance-not-required.test.tsx > Not required for this vehicle > needs a reason, then records a new not-applicable version against the current one
An update to Presence inside a test was not wrapped in act(...).

When testing, code that causes React state updates should be wrapped into act(...):

act(() => {
  /* fire events that update state */
});
/* assert on the output */

This ensures that you're testing the behavior the user would see in the browser. Learn more at https://react.dev/link/wrap-tests-with-act
An update to Presence inside a test was not wrapped in act(...).

When testing, code that causes React state updates should be wrapped into act(...):

act(() => {
  /* fire events that update state */
});
/* assert on the output */

This ensures that you're testing the behavior the user would see in the browser. Learn more at https://react.dev/link/wrap-tests-with-act
An update to FocusScope inside a test was not wrapped in act(...).

When testing, code that causes React state updates should be wrapped into act(...):

act(() => {
  /* fire events that update state */
});
/* assert on the output */

This ensures that you're testing the behavior the user would see in the browser. Learn more at https://react.dev/link/wrap-tests-with-act
An update to Presence inside a test was not wrapped in act(...).

When testing, code that causes React state updates should be wrapped into act(...):

act(() => {
  /* fire events that update state */
});
/* assert on the output */

This ensures that you're testing the behavior the user would see in the browser. Learn more at https://react.dev/link/wrap-tests-with-act
An update to Presence inside a test was not wrapped in act(...).

When testing, code that causes React state updates should be wrapped into act(...):

act(() => {
  /* fire events that update state */
});
/* assert on the output */

This ensures that you're testing the behavior the user would see in the browser. Learn more at https://react.dev/link/wrap-tests-with-act
An update to DismissableLayer inside a test was not wrapped in act(...).

When testing, code that causes React state updates should be wrapped into act(...):

act(() => {
  /* fire events that update state */
});
/* assert on the output */

This ensures that you're testing the behavior the user would see in the browser. Learn more at https://react.dev/link/wrap-tests-with-act
An update to Presence inside a test was not wrapped in act(...).

When testing, code that causes React state updates should be wrapped into act(...):

act(() => {
  /* fire events that update state */
});
/* assert on the output */

This ensures that you're testing the behavior the user would see in the browser. Learn more at https://react.dev/link/wrap-tests-with-act
An update to Presence inside a test was not wrapped in act(...).

When testing, code that causes React state updates should be wrapped into act(...):

act(() => {
  /* fire events that update state */
});
/* assert on the output */

This ensures that you're testing the behavior the user would see in the browser. Learn more at https://react.dev/link/wrap-tests-with-act
An update to FocusScope inside a test was not wrapped in act(...).

When testing, code that causes React state updates should be wrapped into act(...):

act(() => {
  /* fire events that update state */
});
/* assert on the output */

This ensures that you're testing the behavior the user would see in the browser. Learn more at https://react.dev/link/wrap-tests-with-act
An update to Presence inside a test was not wrapped in act(...).

When testing, code that causes React state updates should be wrapped into act(...):

act(() => {
  /* fire events that update state */
});
/* assert on the output */

This ensures that you're testing the behavior the user would see in the browser. Learn more at https://react.dev/link/wrap-tests-with-act
An update to Presence inside a test was not wrapped in act(...).

When testing, code that causes React state updates should be wrapped into act(...):

act(() => {
  /* fire events that update state */
});
/* assert on the output */

This ensures that you're testing the behavior the user would see in the browser. Learn more at https://react.dev/link/wrap-tests-with-act
An update to DismissableLayer inside a test was not wrapped in act(...).

When testing, code that causes React state updates should be wrapped into act(...):

act(() => {
  /* fire events that update state */
});
/* assert on the output */

This ensures that you're testing the behavior the user would see in the browser. Learn more at https://react.dev/link/wrap-tests-with-act

 ✓ resources/js/components/fleet-assets/vehicle-workspace/compliance-not-required.test.tsx > Not required for this vehicle > shows the tick box ticked only for a not-applicable decision and opens the dialog either way 183ms
 ✓ resources/js/components/fleet-assets/fleet-workspace-navigation.test.tsx > Fleet workspace navigation > discovers permitted analytics for 'reports and assigned assets' without assuming Fleet operational access 106ms
 ✓ resources/js/pages/fleet-assets/alerts/index.test.tsx > Fleet alert response > validates a skipped response step and retains notes when the source changed 460ms
stderr | resources/js/components/fleet-assets/vehicle-workspace/compliance-not-required.test.tsx > Not required for this vehicle > marks it required again as an unresolved assessment, or hands over to the evidence wizard
An update to NotRequiredDialog inside a test was not wrapped in act(...).

When testing, code that causes React state updates should be wrapped into act(...):

act(() => {
  /* fire events that update state */
});
/* assert on the output */

This ensures that you're testing the behavior the user would see in the browser. Learn more at https://react.dev/link/wrap-tests-with-act

 ✓ resources/js/components/fleet-assets/vehicle-workspace/compliance-not-required.test.tsx > Not required for this vehicle > needs a reason, then records a new not-applicable version against the current one 184ms
 ✓ resources/js/components/fleet-assets/vehicle-workspace/compliance-not-required.test.tsx > Not required for this vehicle > marks it required again as an unresolved assessment, or hands over to the evidence wizard 57ms
 ✓ resources/js/components/fleet-assets/fleet-workspace-navigation.test.tsx > Fleet workspace navigation > discovers permitted analytics for 'reports and asset management' without assuming Fleet operational access 121ms
 ✓ resources/js/components/fleet-assets/fleet-workspace-navigation.test.tsx > Fleet workspace navigation > does not turn unrelated reporting authority into Fleet access: {"reports":{"viewAny":true}} 33ms
 ✓ resources/js/components/fleet-assets/fleet-workspace-navigation.test.tsx > Fleet workspace navigation > does not turn unrelated reporting authority into Fleet access: {} 17ms
 ✓ resources/js/components/fleet-assets/fleet-workspace-navigation.test.tsx > Fleet workspace navigation > renders eight primary links and selects Fleet on a filtered nested vehicle URL 71ms
 ✓ resources/js/components/fleet-assets/fleet-workspace-navigation.test.tsx > Fleet workspace navigation > keeps /fleet-assets/trips/12/playback?site_id=7 in its workspace without selecting the hub root 0ms
 ✓ resources/js/components/fleet-assets/fleet-workspace-navigation.test.tsx > Fleet workspace navigation > keeps /fleet-assets/transports/12/pre-check in its workspace without selecting the hub root 0ms
 ✓ resources/js/components/fleet-assets/fleet-workspace-navigation.test.tsx > Fleet workspace navigation > keeps /fleet-assets/handovers/12 in its workspace without selecting the hub root 0ms
 ✓ resources/js/components/fleet-assets/fleet-workspace-navigation.test.tsx > Fleet workspace navigation > keeps /fleet-assets/assets/12?tab=documents in its workspace without selecting the hub root 0ms
 ✓ resources/js/components/fleet-assets/fleet-workspace-navigation.test.tsx > Fleet workspace navigation > keeps /fleet-assets/maintenance/checklists/runs/12 in its workspace without selecting the hub root 0ms
 ✓ resources/js/components/fleet-assets/fleet-workspace-navigation.test.tsx > Fleet workspace navigation > keeps /fleet-assets/inspections/12 in its workspace without selecting the hub root 0ms
 ✓ resources/js/components/fleet-assets/fleet-workspace-navigation.test.tsx > Fleet workspace navigation > keeps /fleet-assets/daily-check in its workspace without selecting the hub root 0ms
 ✓ resources/js/components/fleet-assets/fleet-workspace-navigation.test.tsx > Fleet workspace navigation > keeps /fleet-assets/resident-tracking/history/12?tab=wandering in its workspace without selecting the hub root 0ms
 ✓ resources/js/components/fleet-assets/fleet-workspace-navigation.test.tsx > Fleet workspace navigation > keeps /fleet-assets/devices/12 in its workspace without selecting the hub root 0ms
 ✓ resources/js/components/fleet-assets/fleet-workspace-navigation.test.tsx > Fleet workspace navigation > keeps /fleet-assets/geofences?edit=12 in its workspace without selecting the hub root 0ms
 ✓ resources/js/components/fleet-assets/fleet-workspace-navigation.test.tsx > Fleet workspace navigation > keeps /fleet-assets/mileage?status=pending in its workspace without selecting the hub root 0ms
 ✓ resources/js/components/fleet-assets/fleet-workspace-navigation.test.tsx > Fleet workspace navigation > keeps /fleet-assets/reports/cost-allocation in its workspace without selecting the hub root 0ms
 ✓ resources/js/components/fleet-assets/fleet-workspace-navigation.test.tsx > Fleet workspace navigation > keeps /fleet-assets/incidents?incident=12 in its workspace without selecting the hub root 0ms
 ✓ resources/js/components/fleet-assets/fleet-workspace-navigation.test.tsx > Fleet workspace navigation > keeps /fleet-assets/settings/notifications in its workspace without selecting the hub root 0ms
 ✓ resources/js/components/fleet-assets/fleet-workspace-navigation.test.tsx > Fleet workspace navigation > does not hijack other modules or similarly prefixed paths 1ms
 ✓ resources/js/components/fleet-assets/fleet-workspace-navigation.test.tsx > Fleet workspace navigation > keeps connected transport sources discoverable in the dedicated workspace 60ms
 ✓ resources/js/components/fleet-assets/fleet-workspace-navigation.test.tsx > Fleet workspace navigation > preserves query and hash on the current operating register and provides the return to Vehicles 54ms
 ✓ resources/js/components/fleet-assets/fleet-workspace-navigation.test.tsx > Fleet workspace navigation > retains assigned inventory and daily checks without denied administrative links 33ms
 ✓ resources/js/components/fleet-assets/fleet-workspace-navigation.test.tsx > Fleet workspace navigation > uses permitted landings for asset managers with no Fleet permission 51ms
 ✓ resources/js/components/fleet-assets/fleet-workspace-navigation.test.tsx > Fleet workspace navigation > requires telemetry permission for the specialist tracking path while retaining device pairing 19ms
 ✓ resources/js/components/fleet-assets/fleet-workspace-navigation.test.tsx > Fleet workspace navigation > keeps relocated tools searchable but gives no Fleet entry to staff without Fleet or asset access 13ms
 ✓ resources/js/components/fleet-assets/vehicle-workspace/compliance-queue-dialog.test.tsx > Compliance queue evidence dialog > keeps a draft through closing and resuming, with RUC validation on direct review submission 729ms
 ✓ resources/js/components/fleet-assets/vehicle-workspace/compliance-queue-dialog.test.tsx > Compliance queue evidence dialog > retains draft fields across a version conflict and submits against the explicitly refreshed source 336ms

 Test Files  6 passed (6)
      Tests  43 passed (43)
   Start at  23:55:31
   Duration  5.27s (transform 1.14s, setup 1.00s, import 9.33s, tests 3.36s, environment 7.55s)
