
  [30;42;1m PASS [39;49;22m[39m Tests\Feature\Reporting\OperationalReportsTest[39m
  [32;1m✓[39;22m[90m [39m[90mschema rejects malformed imports before mutating saved definitions[39m[90m                                        [39m [90m266.98s[39m  
  [32;1m✓[39;22m[90m [39m[90mtime series is chronological has calendar gaps and does not use top n dates[39m[90m                                 [39m [90m0.18s[39m  
  [32;1m✓[39;22m[90m [39m[90munknowns negative values and formula division are preserved[39m[90m                                                 [39m [90m0.14s[39m  
  [32;1m✓[39;22m[90m [39m[90mformula rejects code and cyclic dependencies[39m[90m                                                                [39m [90m1.19s[39m  
  [32;1m✓[39;22m[90m [39m[90mreport reader exceeds map limit and freezes source watermark[39m[90m                                                [39m [90m0.71s[39m  
  [32;1m✓[39;22m[90m [39m[90msaved versions conflicts archive and other users are denied[39m[90m                                                 [39m [90m1.59s[39m  
  [32;1m✓[39;22m[90m [39m[90mfleet permission does not grant personal sources[39m[90m                                                            [39m [90m0.25s[39m  
  [32;1m✓[39;22m[90m [39m[90mprivate run reconciles and exports actual workbook and pdf[39m[90m                                                  [39m [90m3.05s[39m  
  [32;1m✓[39;22m[90m [39m[90mclient export is complete and clips to consent then rechecks before download[39m[90m                                [39m [90m3.11s[39m  
  [32;1m✓[39;22m[90m [39m[90mstaff history is session bound and never restarts collection[39m[90m                                                [39m [90m2.29s[39m  
  [32;1m✓[39;22m[90m [39m[90mreport only viewer receives only their site vehicles[39m[90m                                                        [39m [90m0.69s[39m  
  [32;1m✓[39;22m[90m [39m[90mcatalogue queries execute with empty sources and overlapping intervals are unioned[39m[90m                          [39m [90m1.98s[39m  
  [32;1m✓[39;22m[90m [39m[90mfinance costs require canonical asset site and exclude unposted invoices[39m[90m                                    [39m [90m0.93s[39m  
  [32;1m✓[39;22m[90m [39m[90mconditional measures keep unknowns and numeric equality matches decimal input[39m[90m                               [39m [90m1.31s[39m  
  [32;1m✓[39;22m[90m [39m[90msharing copies only definition and schedules reauthorise the owner[39m[90m                                          [39m [90m2.10s[39m  
  [32;1m✓[39;22m[90m [39m[90mgrouped filters preserve and or unknowns and calendar comparisons[39m[90m                                           [39m [90m1.27s[39m  
  [32;1m✓[39;22m[90m [39m[90mcalendar buckets keep chronology and recompute pivot margins[39m[90m                                                [39m [90m0.14s[39m  
  [32;1m✓[39;22m[90m [39m[90mdistinct counts ignore unknown and detail sort keeps unknown last[39m[90m                                           [39m [90m0.12s[39m  
  [32;1m✓[39;22m[90m [39m[90mnew builder options validate round trip and shared filters are removed[39m[90m                                      [39m [90m2.21s[39m  

  [30;42;1m PASS [39;49;22m[39m Tests\Feature\SecurityDevices\PersonalTrackingConsentWithdrawalTest[39m
  [32;1m✓[39;22m[90m [39m[90mwithdrawal stops collection and blocks ui api export direct url and cached recheck[39m[90m                          [39m [90m3.04s[39m  

  [90mTests:[39m    [32;1m20 passed[39;22m[90m (265 assertions)[39m
  [90mDuration:[39m [39m296.46s[39m

