No syntax errors detected in app/Console/Commands/ConfigureMaintenance.php
No syntax errors detected in app/Console/Commands/DispatchMaintenanceEffects.php
No syntax errors detected in app/Console/Commands/ReconcileMaintenanceLegacy.php
No syntax errors detected in app/Http/Controllers/FleetAssets/AssetController.php
No syntax errors detected in app/Http/Controllers/FleetAssets/ChecklistController.php
No syntax errors detected in app/Http/Controllers/FleetAssets/InspectionController.php
No syntax errors detected in app/Http/Controllers/FleetAssets/MaintenanceAttachmentController.php
No syntax errors detected in app/Http/Controllers/FleetAssets/OutingController.php
No syntax errors detected in app/Http/Controllers/FleetAssets/VehicleBookingController.php
No syntax errors detected in app/Http/Controllers/FleetAssets/VehicleController.php
No syntax errors detected in app/Http/Controllers/FleetAssets/WorkOrderController.php
No syntax errors detected in app/Http/Middleware/HandleInertiaRequests.php
No syntax errors detected in app/Models/FleetChecklistRun.php
No syntax errors detected in app/Models/FleetWorkOrder.php
No syntax errors detected in app/Observers/FleetWorkOrderObserver.php
No syntax errors detected in app/Services/Fleet/MaintenanceAccessService.php
No syntax errors detected in app/Services/Fleet/MaintenanceAttachmentService.php
No syntax errors detected in app/Services/Fleet/MaintenanceCheckService.php
No syntax errors detected in app/Services/Fleet/MaintenanceConfigurationService.php
No syntax errors detected in app/Services/Fleet/MaintenanceEffectDispatcher.php
No syntax errors detected in app/Services/Fleet/MaintenanceFinanceService.php
No syntax errors detected in app/Services/Fleet/MaintenanceFingerprint.php
No syntax errors detected in app/Services/Fleet/MaintenanceLocalTime.php
No syntax errors detected in app/Services/Fleet/MaintenancePolicyService.php
No syntax errors detected in app/Services/Fleet/MaintenanceReportService.php
No syntax errors detected in app/Services/Fleet/MaintenanceRestrictionService.php
No syntax errors detected in app/Services/Fleet/MaintenanceRollbackGuard.php
No syntax errors detected in app/Services/Fleet/MaintenanceTransitionService.php
No syntax errors detected in app/Services/Sites/Calendar/Providers/MaintenanceWindowObligationProvider.php
No syntax errors detected in app/Services/Sites/Calendar/SiteCalendarAggregator.php
No syntax errors detected in app/Services/Tasks/Providers/FleetMaintenanceProvider.php
No syntax errors detected in database/migrations/2026_09_20_000100_pkg01_maintenance_workflow.php
No syntax errors detected in database/migrations/2026_09_20_000110_pkg01_booking_impacts.php
No syntax errors detected in database/migrations/2026_09_20_000120_pkg01_configuration_history.php
No syntax errors detected in database/migrations/2026_09_20_000130_pkg01_report_corrections.php
No syntax errors detected in database/seeders/RbacSeeder.php
No syntax errors detected in routes/console.php
No syntax errors detected in routes/fleet-assets.php
No syntax errors detected in tests/Feature/FleetAssets/Pkg01MaintenanceProtectedSliceTest.php
No syntax errors detected in tests/Feature/FleetAssets/Pkg01MaintenanceRollbackTest.php
