
 RUN  v4.1.5 <worktree>

 ✓ resources/js/pages/fleet-assets/assets/register/api.test.ts > rejects a sign-in page returned in place of an exported report 4ms
 ✓ resources/js/pages/fleet-assets/assets/register/api.test.ts > sends register commands to the mounted route with CSRF protection 9ms
 ✓ resources/js/pages/fleet-assets/assets/register/api.test.ts > preserves canonical inventory routes and reports a lost session 1ms
 ✓ resources/js/pages/fleet-assets/assets/register/stocktake-modal.test.tsx > stocktake server recovery and scan workflow > keeps unfinished-count guidance accurate when the review has no differences yet 251ms
 ✓ resources/js/pages/fleet-assets/assets/register/stocktakes.test.tsx > closes a linked count before refreshing the hub, so reload does not reopen it 232ms
 ✓ resources/js/pages/fleet-assets/assets/register/stocktakes.test.tsx > clears count rows while loading site coverage and retains the selected section on a matching hero filter 139ms
 ✓ resources/js/pages/fleet-assets/assets/register/stocktake-modal.test.tsx > stocktake server recovery and scan workflow > keeps an unsuccessful answer pending and retries the same command identity 108ms
 ✓ resources/js/pages/fleet-assets/assets/register/stocktake-modal.test.tsx > stocktake server recovery and scan workflow > resolves a QR before recording a found answer and never finishes automatically 58ms
 ✓ resources/js/pages/fleet-assets/assets/register/stocktake-modal.test.tsx > stocktake server recovery and scan workflow > requires explicit confirmation for a QR outside the checklist 93ms
 ✓ resources/js/pages/fleet-assets/assets/register/stocktake-modal.test.tsx > stocktake server recovery and scan workflow > opens a completed count read-only and handles a revoked export without changing it 30ms
 ✓ resources/js/components/fleet-assets/fleet-workspace-navigation.test.tsx > Fleet workspace navigation > discovers permitted analytics for 'report only' without assuming Fleet operational access 307ms
 ✓ resources/js/components/fleet-assets/fleet-workspace-navigation.test.tsx > Fleet workspace navigation > discovers permitted analytics for 'reports and assigned assets' without assuming Fleet operational access 97ms
 ✓ resources/js/components/fleet-assets/fleet-workspace-navigation.test.tsx > Fleet workspace navigation > discovers permitted analytics for 'reports and asset management' without assuming Fleet operational access 96ms
 ✓ resources/js/components/fleet-assets/fleet-workspace-navigation.test.tsx > Fleet workspace navigation > does not turn unrelated reporting authority into Fleet access: {"reports":{"viewAny":true}} 30ms
 ✓ resources/js/components/fleet-assets/fleet-workspace-navigation.test.tsx > Fleet workspace navigation > does not turn unrelated reporting authority into Fleet access: {} 17ms
 ✓ resources/js/components/fleet-assets/fleet-workspace-navigation.test.tsx > Fleet workspace navigation > renders exactly seven primary links and selects Fleet on a filtered nested vehicle URL 60ms
 ✓ resources/js/components/fleet-assets/fleet-workspace-navigation.test.tsx > Fleet workspace navigation > keeps /fleet-assets/trips/12/playback?site_id=7 in its workspace without selecting the hub root 0ms
 ✓ resources/js/components/fleet-assets/fleet-workspace-navigation.test.tsx > Fleet workspace navigation > keeps /fleet-assets/transports/12/pre-check in its workspace without selecting the hub root 0ms
 ✓ resources/js/components/fleet-assets/fleet-workspace-navigation.test.tsx > Fleet workspace navigation > keeps /fleet-assets/handovers/12 in its workspace without selecting the hub root 1ms
 ✓ resources/js/components/fleet-assets/fleet-workspace-navigation.test.tsx > Fleet workspace navigation > keeps /fleet-assets/assets/12?tab=documents in its workspace without selecting the hub root 0ms
 ✓ resources/js/components/fleet-assets/fleet-workspace-navigation.test.tsx > Fleet workspace navigation > keeps /fleet-assets/maintenance/checklists/runs/12 in its workspace without selecting the hub root 0ms
 ✓ resources/js/components/fleet-assets/fleet-workspace-navigation.test.tsx > Fleet workspace navigation > keeps /fleet-assets/inspections/12 in its workspace without selecting the hub root 1ms
 ✓ resources/js/components/fleet-assets/fleet-workspace-navigation.test.tsx > Fleet workspace navigation > keeps /fleet-assets/daily-check in its workspace without selecting the hub root 0ms
 ✓ resources/js/components/fleet-assets/fleet-workspace-navigation.test.tsx > Fleet workspace navigation > keeps /fleet-assets/resident-tracking/history/12?tab=wandering in its workspace without selecting the hub root 0ms
 ✓ resources/js/components/fleet-assets/fleet-workspace-navigation.test.tsx > Fleet workspace navigation > keeps /fleet-assets/devices/12 in its workspace without selecting the hub root 0ms
 ✓ resources/js/components/fleet-assets/fleet-workspace-navigation.test.tsx > Fleet workspace navigation > keeps /fleet-assets/geofences?edit=12 in its workspace without selecting the hub root 0ms
 ✓ resources/js/components/fleet-assets/fleet-workspace-navigation.test.tsx > Fleet workspace navigation > keeps /fleet-assets/mileage?status=pending in its workspace without selecting the hub root 0ms
 ✓ resources/js/components/fleet-assets/fleet-workspace-navigation.test.tsx > Fleet workspace navigation > keeps /fleet-assets/reports/cost-allocation in its workspace without selecting the hub root 0ms
 ✓ resources/js/components/fleet-assets/fleet-workspace-navigation.test.tsx > Fleet workspace navigation > keeps /fleet-assets/incidents?incident=12 in its workspace without selecting the hub root 0ms
 ✓ resources/js/components/fleet-assets/fleet-workspace-navigation.test.tsx > Fleet workspace navigation > keeps /fleet-assets/settings/notifications in its workspace without selecting the hub root 0ms
 ✓ resources/js/components/fleet-assets/fleet-workspace-navigation.test.tsx > Fleet workspace navigation > does not hijack other modules or similarly prefixed paths 1ms
 ✓ resources/js/components/fleet-assets/fleet-workspace-navigation.test.tsx > Fleet workspace navigation > offers transport and custody through short menus with canonical links 62ms
 ✓ resources/js/components/fleet-assets/fleet-workspace-navigation.test.tsx > Fleet workspace navigation > preserves query and hash on the current operating register and provides the return to Vehicles 47ms
 ✓ resources/js/components/fleet-assets/fleet-workspace-navigation.test.tsx > Fleet workspace navigation > retains assigned inventory and daily checks without denied administrative links 28ms
 ✓ resources/js/components/fleet-assets/fleet-workspace-navigation.test.tsx > Fleet workspace navigation > uses permitted landings for asset managers with no Fleet permission 36ms
 ✓ resources/js/components/fleet-assets/fleet-workspace-navigation.test.tsx > Fleet workspace navigation > requires telemetry permission for the specialist tracking path while retaining device pairing 19ms
 ✓ resources/js/components/fleet-assets/fleet-workspace-navigation.test.tsx > Fleet workspace navigation > keeps relocated tools searchable but gives no Fleet entry to staff without Fleet or asset access 11ms

 Test Files  4 passed (4)
      Tests  37 passed (37)
   Start at  16:55:39
   Duration  27.45s (transform 813ms, setup 8.55s, import 33.49s, tests 1.75s, environment 50.39s)
