resources/js/components/clinical/event-record-sheet.tsx(21,50): error TS2307: Cannot find module '@/routes/shifts/clinical/events' or its corresponding type declarations.
resources/js/components/clinical/observation-record-sheet.tsx(20,56): error TS2307: Cannot find module '@/routes/shifts/clinical/observations' or its corresponding type declarations.
resources/js/components/clinical/shift-observations-due-card.tsx(5,53): error TS2307: Cannot find module '@/routes/shifts/clinical/observations' or its corresponding type declarations.
resources/js/components/dashboard/activity-timeline.tsx(2,35): error TS2307: Cannot find module '@/routes/operations/shifts' or its corresponding type declarations.
resources/js/components/dashboard/activity-timeline.tsx(3,43): error TS2307: Cannot find module '@/routes/operations/timesheets' or its corresponding type declarations.
resources/js/components/dashboard/timeline.tsx(5,8): error TS2307: Cannot find module '@/routes/operations/shifts' or its corresponding type declarations.
resources/js/components/dashboard/timeline.tsx(6,43): error TS2307: Cannot find module '@/routes/operations/timesheets' or its corresponding type declarations.
resources/js/components/delete-user.tsx(15,25): error TS2307: Cannot find module '@/routes/profile' or its corresponding type declarations.
resources/js/components/governance/PriorityOverviewPanel.tsx(19,39): error TS2307: Cannot find module '@/routes/governance/dashboard' or its corresponding type declarations.
resources/js/components/previous-shift-card.tsx(7,35): error TS2307: Cannot find module '@/routes/operations/shifts' or its corresponding type declarations.
resources/js/components/timesheets/edit-timesheet-dialog.tsx(28,8): error TS2307: Cannot find module '@/routes/operations/timesheets' or its corresponding type declarations.
resources/js/components/two-factor-recovery-codes.tsx(9,41): error TS2307: Cannot find module '@/routes/two-factor' or its corresponding type declarations.
resources/js/components/two-factor-setup-modal.tsx(17,25): error TS2307: Cannot find module '@/routes/two-factor' or its corresponding type declarations.
resources/js/hooks/use-two-factor-auth.ts(1,50): error TS2307: Cannot find module '@/routes/two-factor' or its corresponding type declarations.
resources/js/hooks/use-web-push.ts(7,8): error TS2307: Cannot find module '@/routes/settings/notifications/push-subscriptions' or its corresponding type declarations.
resources/js/layouts/auth/auth-card-layout.tsx(9,22): error TS2307: Cannot find module '@/routes' or its corresponding type declarations.
resources/js/layouts/auth/auth-split-layout.tsx(2,22): error TS2307: Cannot find module '@/routes' or its corresponding type declarations.
resources/js/layouts/settings/layout.tsx(2,40): error TS2307: Cannot find module '@/routes/appearance' or its corresponding type declarations.
resources/js/layouts/settings/layout.tsx(3,22): error TS2307: Cannot find module '@/routes/profile' or its corresponding type declarations.
resources/js/layouts/settings/layout.tsx(4,22): error TS2307: Cannot find module '@/routes/two-factor' or its corresponding type declarations.
resources/js/layouts/settings/layout.tsx(5,38): error TS2307: Cannot find module '@/routes/user-password' or its corresponding type declarations.
resources/js/pages/auth/confirm-password.tsx(8,23): error TS2307: Cannot find module '@/routes/password/confirm' or its corresponding type declarations.
resources/js/pages/auth/forgot-password.tsx(2,23): error TS2307: Cannot find module '@/routes' or its corresponding type declarations.
resources/js/pages/auth/forgot-password.tsx(3,23): error TS2307: Cannot find module '@/routes/password' or its corresponding type declarations.
resources/js/pages/auth/login.tsx(14,26): error TS2307: Cannot find module '@/routes' or its corresponding type declarations.
resources/js/pages/auth/login.tsx(15,23): error TS2307: Cannot find module '@/routes/login' or its corresponding type declarations.
resources/js/pages/auth/login.tsx(16,25): error TS2307: Cannot find module '@/routes/password' or its corresponding type declarations.
resources/js/pages/auth/register.tsx(1,23): error TS2307: Cannot find module '@/routes' or its corresponding type declarations.
resources/js/pages/auth/register.tsx(2,23): error TS2307: Cannot find module '@/routes/register' or its corresponding type declarations.
resources/js/pages/auth/reset-password.tsx(1,24): error TS2307: Cannot find module '@/routes/password' or its corresponding type declarations.
resources/js/pages/auth/two-factor-challenge.tsx(11,23): error TS2307: Cannot find module '@/routes/two-factor/login' or its corresponding type declarations.
resources/js/pages/auth/verify-email.tsx(6,24): error TS2307: Cannot find module '@/routes' or its corresponding type declarations.
resources/js/pages/auth/verify-email.tsx(7,22): error TS2307: Cannot find module '@/routes/verification' or its corresponding type declarations.
resources/js/pages/dashboard.tsx(14,27): error TS2307: Cannot find module '@/routes' or its corresponding type declarations.
resources/js/pages/dashboard.tsx(15,38): error TS2307: Cannot find module '@/routes/operations/shifts' or its corresponding type declarations.
resources/js/pages/dashboard.tsx(16,42): error TS2307: Cannot find module '@/routes/operations/timesheets' or its corresponding type declarations.
resources/js/pages/Governance/Actions/_dialogs.tsx(26,8): error TS2307: Cannot find module '@/routes/governance/actions' or its corresponding type declarations.
resources/js/pages/Governance/Actions/Index.tsx(31,36): error TS2307: Cannot find module '@/routes/governance/actions' or its corresponding type declarations.
resources/js/pages/Governance/Actions/Show.tsx(35,42): error TS2307: Cannot find module '@/routes/governance/actions' or its corresponding type declarations.
resources/js/pages/Governance/Dashboard.tsx(45,39): error TS2307: Cannot find module '@/routes/governance/dashboard' or its corresponding type declarations.
resources/js/pages/Governance/Meetings/Show.tsx(60,8): error TS2307: Cannot find module '@/routes/governance/packs' or its corresponding type declarations.
resources/js/pages/Governance/Meetings/Show.tsx(61,40): error TS2307: Cannot find module '@/routes/governance/resolutions' or its corresponding type declarations.
resources/js/pages/Governance/Packs/Show.tsx(32,42): error TS2307: Cannot find module '@/routes/governance/packs' or its corresponding type declarations.
resources/js/pages/Governance/Resolutions/_dialogs.tsx(42,42): error TS2307: Cannot find module '@/routes/governance/resolutions' or its corresponding type declarations.
resources/js/pages/operations/rostering/index.tsx(82,41): error TS2307: Cannot find module '@/routes/operations/rostering' or its corresponding type declarations.
resources/js/pages/operations/shifts/components/create-shift-dialog.tsx(50,8): error TS2307: Cannot find module '@/routes/operations/shifts' or its corresponding type declarations.
resources/js/pages/operations/shifts/components/create-shift-dialog.tsx(51,43): error TS2307: Cannot find module '@/routes/operations/shifts/series' or its corresponding type declarations.
resources/js/pages/operations/shifts/components/shift-detail-dialog.tsx(30,35): error TS2307: Cannot find module '@/routes/operations/shifts' or its corresponding type declarations.
resources/js/pages/operations/shifts/components/use-create-shift-launcher.tsx(3,39): error TS2307: Cannot find module '@/routes/operations/shifts' or its corresponding type declarations.
resources/js/pages/operations/shifts/index.tsx(46,8): error TS2307: Cannot find module '@/routes/operations/shifts' or its corresponding type declarations.
resources/js/pages/respite/bookings/show.tsx(8,35): error TS2307: Cannot find module '@/routes/operations/shifts' or its corresponding type declarations.
resources/js/pages/settings/appearance.tsx(27,40): error TS2307: Cannot find module '@/routes/appearance' or its corresponding type declarations.
resources/js/pages/settings/password.tsx(4,30): error TS2307: Cannot find module '@/routes/user-password' or its corresponding type declarations.
resources/js/pages/settings/profile.tsx(1,22): error TS2307: Cannot find module '@/routes/verification' or its corresponding type declarations.
resources/js/pages/settings/profile.tsx(42,37): error TS2307: Cannot find module '@/routes/profile' or its corresponding type declarations.
resources/js/pages/settings/two-factor.tsx(14,39): error TS2307: Cannot find module '@/routes/two-factor' or its corresponding type declarations.
resources/js/pages/staff/show.tsx(15,35): error TS2307: Cannot find module '@/routes/operations/shifts' or its corresponding type declarations.
resources/js/pages/welcome.tsx(1,44): error TS2307: Cannot find module '@/routes' or its corresponding type declarations.
resources/js/test/shifts-frontend-routes.test.ts(7,8): error TS2307: Cannot find module '@/routes/attendance' or its corresponding type declarations.
resources/js/test/shifts-frontend-routes.test.ts(11,8): error TS2307: Cannot find module '@/routes/attendance/break' or its corresponding type declarations.
resources/js/test/shifts-frontend-routes.test.ts(12,41): error TS2307: Cannot find module '@/routes/operations/rostering' or its corresponding type declarations.
resources/js/test/shifts-frontend-routes.test.ts(18,8): error TS2307: Cannot find module '@/routes/operations/shifts' or its corresponding type declarations.
resources/js/test/shifts-frontend-routes.test.ts(24,8): error TS2307: Cannot find module '@/routes/operations/timesheets' or its corresponding type declarations.
