
  [31;1m⨯[39;22m[31;1m⨯[39;22m[31;1m⨯[39;22m[31;1m⨯[39;22m
  [31m────────────────────────────────────────────────────────────────────────────────────────────────────────────────────[39m  
  [41;1m FAILED [49;22m [1mTests\Feature\SecurityDevices\CanonicalIntegrationEventHistoryTest[22m [90m>[39m client location history reads canoni…   
[39;1m  Expected response status code [200] but received 403.
Failed asserting that 403 is identical to 200.[39;22m

  at [32mtests\Feature\SecurityDevices\CanonicalIntegrationEventHistoryTest.php[39m:[32m103[39m
     99▕ 
    100▕         $response = $this->actingAs($this->admin)
    101▕             ->get("/operations/clients/{$this->client->id}/location/history");
    102▕ 
  ➜ 103▕         $response->assertOk()
    104▕             ->assertJsonCount(1, 'locations')
    105▕             ->assertJsonPath('locations.0.lat', -36.8485)
    106▕             ->assertJsonPath('locations.0.lng', 174.7633)
    107▕             ->assertJsonPath('locations.0.speed', 14)

  [31m────────────────────────────────────────────────────────────────────────────────────────────────────────────────────[39m  
  [41;1m FAILED [49;22m [1mTests\Feature\SecurityDevices\CanonicalIntegrationEventHistoryTest[22m [90m>[39m resident tracking history reads cano…   
[39;1m  Expected response status code [200] but received 403.
Failed asserting that 403 is identical to 200.[39;22m

  at [32mtests\Feature\SecurityDevices\CanonicalIntegrationEventHistoryTest.php[39m:[32m130[39m
    126▕ 
    127▕         $response = $this->actingAs($this->admin)
    128▕             ->get("/fleet-assets/resident-tracking/history/{$this->client->id}");
    129▕ 
  ➜ 130▕         $response->assertOk();
    131▕         $response->assertInertia(function ($page) {
    132▕             $locations = $page->toArray()['props']['locations'];
    133▕ 
    134▕             $this->assertCount(1, $locations);

  [31m────────────────────────────────────────────────────────────────────────────────────────────────────────────────────[39m  
  [41;1m FAILED [49;22m [1mTests\Feature\SecurityDevices\CanonicalIntegrationEventHistoryTest[22m [90m>[39m portal location history reads canoni…   
[39;1m  Expected response status code [200] but received 403.
Failed asserting that 403 is identical to 200.[39;22m

  at [32mtests\Feature\SecurityDevices\CanonicalIntegrationEventHistoryTest.php[39m:[32m161[39m
    157▕ 
    158▕         $response = $this->actingAs($this->portalUser)
    159▕             ->get("/portal/clients/{$this->client->id}/location/history");
    160▕ 
  ➜ 161▕         $response->assertOk()
    162▕             ->assertJsonCount(1, 'locations')
    163▕             ->assertJsonPath('locations.0.lat', -43.5321)
    164▕             ->assertJsonPath('locations.0.lng', 172.6362)
    165▕             ->assertJsonPath('locations.0.speed', 5)

  [31m────────────────────────────────────────────────────────────────────────────────────────────────────────────────────[39m  
  [41;1m FAILED [49;22m [1mTests\Feature\SecurityDevices\CanonicalIntegrationEventHistoryTest[22m [90m>[39m client location history keeps narrow…   
[39;1m  Expected response status code [200] but received 403.
Failed asserting that 403 is identical to 200.[39;22m

  at [32mtests\Feature\SecurityDevices\CanonicalIntegrationEventHistoryTest.php[39m:[32m198[39m
    194▕ 
    195▕         $response = $this->actingAs($this->admin)
    196▕             ->get("/operations/clients/{$this->client->id}/location/history");
    197▕ 
  ➜ 198▕         $response->assertOk()
    199▕             ->assertJsonCount(1, 'locations')
    200▕             ->assertJsonPath('locations.0.lat', -37.7870)
    201▕             ->assertJsonPath('locations.0.lng', 175.2793)
    202▕             ->assertJsonPath('locations.0.speed', 3)


  [90mTests:[39m    [31;1m4 failed[39;22m[90m (4 assertions)[39m
  [90mDuration:[39m [39m316.48s[39m

