
   PASS  Tests\Feature\FleetAssets\AssetRegisterWorkflowTest
  ✓ location directory and checklist use only permitted assets                                                 161.69s
  ✓ coverage excludes selected item counts and followups recheck access                                          0.49s
  ✓ count is durable versioned immutable and does not change assignment                                          0.41s
  ✓ scan resolves existing identity rejects foreign urls and requires extra confirmation                         0.46s
  ✓ duplicate command is idempotent and undo keeps evidence                                                      0.33s
  ✓ missing and changed items require review and owner                                                           0.43s
  ✓ hidden site and asset records are denied and permission revocation blocks writes                             0.40s
  ✓ completed report is real pdf and typed xlsx                                                                  2.19s
  ✓ csv validation partial import and retry do not duplicate assets                                              0.54s
  ✓ newly conflicting import row can be retried without repeating successes                                      0.30s
  ✓ empty count requires attestation and records it                                                              0.29s
  ✓ read access does not grant counting or import permission                                                     0.39s
  ✓ canonical room filter and registration cannot cross sites                                                    0.31s
  ✓ label exports preserve tokens and revalidate download scope                                                  1.41s
  ✓ label replay requires the original selection and layout                                                      0.30s
  ✓ print permission does not grant permission to create a missing qr identity                                   0.38s
  ✓ undone extra history remains access scoped in lists resume and exports                                       0.70s
  ✓ legacy history references are backfilled without rewriting evidence                                          0.44s
  ✓ revoked extra site access also hides retained count history                                                  0.47s
  ✓ report time matches the worker zone regression in the register                                               0.33s
  ✓ ordinary edit preserves same site room and reconciles destination room                                       0.42s
  ✓ imported room is cleared on a client derived site move                                                       0.38s

   PASS  Tests\Feature\AssetControllerTest
  ✓ asset index requires authentication                                                                          1.07s
  ✓ asset index redirects to fleet assets                                                                        1.62s
  ✓ asset alerts redirects to fleet assets alerts                                                                1.24s
  ✓ asset create requires authentication                                                                         0.90s
  ✓ asset create redirects to index wizard shim                                                                  1.26s
  ✓ asset index ships wizard option lists                                                                        1.22s
  ✓ asset create blocked for user without permission                                                             0.93s
  ✓ asset store creates asset                                                                                    1.18s
  ✓ asset store validates required name                                                                          1.31s
  ✓ asset store validates status                                                                                 1.29s
  ✓ asset store validates risk level                                                                             1.22s
  ✓ asset store requires site or client                                                                          1.24s
  ✓ asset store infers site from client                                                                          1.25s
  ✓ asset store blocked for user without permission                                                              0.91s
  ✓ asset show requires authentication                                                                           0.90s
  ✓ asset show redirects to fleet assets                                                                         1.21s
  ✓ asset edit redirects to show wizard shim                                                                     1.34s
  ✓ asset show ships edit wizard option lists                                                                    1.87s
  ✓ asset store from modal redirects back to index with created id                                               1.29s
  ✓ asset update successful                                                                                      1.25s
  ✓ asset update validates required fields                                                                       1.29s
  ✓ asset delete retires and retains the record                                                                  1.21s
  ✓ asset delete blocked for coordinator                                                                         1.25s

   PASS  Tests\Feature\FleetAssets\AssetMutationBoundaryTest
  ✓ asset register create update and picker data are canonical site scoped                                       1.36s
  ✓ assigned only asset register rows exports and counts follow the asset policy                                 1.78s
  ✓ asset access uses direct then home then client site provenance and denies conflicts                          1.00s
  ✓ every asset object ability reuses the canonical visibility boundary                                          1.10s
  ✓ fleet write routes conceal hidden vehicles and bulk work is atomic                                           1.08s
  ✓ ordinary edits cannot retire assets or move live assignment and device provenance                            1.10s
  ✓ bulk offline state and mutation audits are durable per vehicle                                               1.94s
  ✓ asset assignment requires one site valid active holder and explicit release                                  1.15s
  ✓ competing custody transfers are serialized and preserve assignment history                                  24.42s
  ✓ asset ownership transition validates target and retains history                                              1.78s
  ✓ asset delete route retires and preserves lifecycle history                                                   1.52s

   PASS  Tests\Feature\FleetAssets\Pkg02bVehicleTripHistoryTest
  ✓ trip history is concealed outside the viewers sites and needs fleet view                                     1.74s
  ✓ driver names from other sites are not shown                                                                  0.95s
  ✓ list filters by auckland day search driver and event type                                                    1.37s
  ✓ the list reads the latest days and at most a year and says so                                                0.92s
  ✓ the list reads at most the latest trips while exports keep their own limits                                  2.59s
  ✓ trip detail reads behaviour from the recorded telemetry                                                      1.11s
  ✓ personal and restricted trips are listed without their places or route                                       1.09s
  ✓ confirming a driver needs authority a site candidate and is audited                                          1.36s
  ✓ deleting a trip never erases its driver confirmation or event reviews                                        1.10s
  ✓ exports are scoped branded sanitised and audited                                                             1.71s
  ✓ excel duration totals recalculate from recorded seconds without per trip rounding                            0.99s
  ✓ local street maps are embedded in both formats with dataset audit and privacy                                3.57s
  ✓ driving metrics count queclink harsh reports and speed episodes                                              1.83s
  ✓ trip builder records maximum speed for the trips list                                                        1.04s

   PASS  Tests\Unit\TestDatabaseBootstrapFailClosedTest
  ✓ it fails closed when pending migrations return a non-zero exit code                                          0.09s
  ✓ it fails closed when the pending migrator throws
  ✓ it marks successful pending migrations once and reuses that prepared state

   PASS  Tests\Unit\Support\SchemaCacheScopeTest
  ✓ it only lists the current database when discovering application tables                                       0.19s

  Tests:    74 passed (936 assertions)
  Duration: 261.61s
