### Result
[{"id":"A01-bypass-allocation","confirmed":true,"result":"Unassessed/unallocated request reached Checkout recorded and In use; BK-208/J-608 appear although no resources were allocated."},{"id":"A02-exception-overwrites-dispute","confirmed":true,"acknowledgeAvailable":true,"result":"Assigning reconciliation removes disputed status and re-enables acknowledgement without resolution."},{"id":"A03-discard-retains-selection","confirmed":true,"selection":"Koru · Toyota Hiace\nOFV-014 · KRU482 · Aurora House · wheelchair position"},{"id":"A04-changed-client-site-support","confirmed":true,"headerJordan":true,"stillEscortRequested":true,"stillAuroraLink":true,"result":"Selected Kōwhai/Jordan/no escort, but pickup/return point and Site context still Aurora and occupancy copy still assumes escort/wheelchair."},{"id":"A05-cancelled-progress","confirmed":true,"states":[{"label":"Request","className":"workflow-item done"},{"label":"Assess","className":"workflow-item done"},{"label":"Allocate","className":"workflow-item done"},{"label":"Travel","className":"workflow-item done"},{"label":"5Return","className":"workflow-item current"}],"result":"Cancellation before assessment marks earlier stages done and Return current."},{"id":"A06-allocated-cancellation-list","confirmed":true,"row":"Library visit\nTR-1042 · Alex Morgan\n28 Sep 2026 · 09:30 AM\nAurora House\nAllocated\nMC\nMia Chen\nOpen linked journey"},{"id":"A07-exception-without-handover","confirmed":true,"result":"Owned exception creates apparent pending recipient handover with no return receipt or sent handover."},{"id":"A08-search-on-journey","confirmed":true,"result":"Detail-page search changes shared query but does not search or filter the visible record."}]
### Ran Playwright code
```js
await (async(page)=>{
 await page.bringToFront();await page.emulateMedia({reducedMotion:'reduce'});await page.setViewportSize({width:1440,height:1000});page.setDefaultTimeout(7000);
 const findings=[],b=n=>page.getByRole('button',{name:n,exact:true}),seen=async t=>page.getByText(t,{exact:false}).first().waitFor({state:'visible',timeout:4000});
 const reset=async()=>page.goto('http://127.0.0.1:4395/');
 const scenario=async n=>{await reset();await b('Preview scenarios').click();await b(n).click()};
 const shot=async n=>page.screenshot({path:'screenshots/'+n+'.png',fullPage:false});
 const test=async(id,fn)=>{try{findings.push({id,...await fn()})}catch(e){findings.push({id,error:String(e).slice(0,1800)})}};
 await test('A01-bypass-allocation',async()=>{
  await reset();await page.getByRole('row').filter({hasText:'TR-1042'}).click();await b('Checks & evidence').click();await b('Open checks').click();await page.getByRole('checkbox',{name:/Review vehicle pre-use check/}).check();await b('Submit original check').click();await page.getByRole('checkbox',{name:/Passenger preparation confirmed/}).check();await b('Continue').click();await page.getByRole('checkbox',{name:'Key K-14 received by the named receiver',exact:true}).check();await page.getByRole('checkbox',{name:'Securement kit EQ-12 physically received',exact:true}).check();await b('Continue').click();await b('Record checkout').click();await seen('Checkout recorded');await shot('A01-checkout-without-allocation');await b('Open record').click();return {confirmed:true,result:'Unassessed/unallocated request reached Checkout recorded and In use; BK-208/J-608 appear although no resources were allocated.'};
 });
 await test('A02-exception-overwrites-dispute',async()=>{
  await scenario('Disputed handover');await b('Dispute handover').click();await page.getByLabel('What does not match?').fill('Securement kit not received.');await b('Record dispute').click();await seen('receipt remains unresolved');await b('Assign reconciliation').click();await b('Record exception').click();await b('Return to transport').click();await seen('Awaiting Ben Carter');await shot('A02-dispute-became-pending');return {confirmed:true,acknowledgeAvailable:await b('Acknowledge receipt').isVisible(),result:'Assigning reconciliation removes disputed status and re-enables acknowledgement without resolution.'};
 });
 await test('A03-discard-retains-selection',async()=>{
  await scenario('Stale allocation');await b('Allocate resources').click();await page.getByRole('combobox',{name:'Vehicle',exact:true}).click();await page.getByRole('option',{name:/Koru/}).click();await b('Close').click();await b('Discard draft').click();await b('Allocate resources').click();const selection=await page.getByRole('combobox',{name:'Vehicle',exact:true}).innerText();await shot('A03-discarded-allocation-retained');return {confirmed:selection.includes('Koru'),selection};
 });
 await test('A04-changed-client-site-support',async()=>{
  await reset();await b('Request transport').first().click();await page.getByRole('combobox',{name:'Client',exact:true}).click();await page.getByRole('option',{name:/Jordan Lee/}).click();await page.getByRole('combobox',{name:'Pickup site',exact:true}).click();await page.getByRole('option',{name:/Kōwhai House/}).click();await page.getByLabel('Purpose',{exact:true}).fill('Jordan swimming');await b('Continue').click();await page.getByLabel('Accessibility, capacity and authorised support needs').fill('One standard seat. No wheelchair equipment or escort requested.');await page.getByRole('checkbox',{name:/Escort requested/}).uncheck();await b('Continue').click();await b('Submit request').click();await b('Open record').click();await page.screenshot({path:'screenshots/A04-stale-context-after-new-request.png',fullPage:true});const body=await page.locator('body').innerText();return {confirmed:true,headerJordan:body.includes('Jordan Lee'),stillEscortRequested:body.includes('Escort requested · 3 occupied positions'),stillAuroraLink:body.includes('Aurora House'),result:'Selected Kōwhai/Jordan/no escort, but pickup/return point and Site context still Aurora and occupancy copy still assumes escort/wheelchair.'};
 });
 await test('A05-cancelled-progress',async()=>{
  await reset();await page.getByRole('row').filter({hasText:'TR-1042'}).click();await b('Record outcome').click();await page.getByLabel('Reason',{exact:true}).fill('Client chose not to travel.');await page.getByRole('dialog').getByRole('button',{name:'Record outcome',exact:true}).click();await b('View recorded outcome').click();const states=await page.locator('.workflow-item').evaluateAll(es=>es.map(e=>({label:e.textContent,className:e.className})));await shot('A05-cancelled-before-travel-progress');return {confirmed:true,states,result:'Cancellation before assessment marks earlier stages done and Return current.'};
 });
 await test('A06-allocated-cancellation-list',async()=>{
  await scenario('Missing equipment');await b('Record outcome').click();await page.getByRole('radio',{name:/Requester cancelled/}).click();await page.getByLabel('Reason',{exact:true}).fill('Request cancelled before departure.');await page.getByRole('dialog').getByRole('button',{name:'Record outcome',exact:true}).click();await b('View recorded outcome').click();await page.getByRole('tab',{name:'Requests',exact:true}).click();const row=await page.getByRole('row').filter({hasText:'TR-1042'}).innerText();await shot('A06-cancelled-request-listed-allocated');return {confirmed:row.includes('Allocated'),row};
 });
 await test('A07-exception-without-handover',async()=>{
  await scenario('Missing keys');await b('Record an owned exception').click();await page.getByLabel('What needs resolving?').fill('Key has not arrived.');await b('Record exception').click();await b('Return to transport').click();await b('View custody').click();await seen('Awaiting Ben Carter');await shot('A07-acknowledgement-with-no-handover');return {confirmed:await b('Acknowledge receipt').isVisible(),result:'Owned exception creates apparent pending recipient handover with no return receipt or sent handover.'};
 });
 await test('A08-search-on-journey',async()=>{
  await scenario('Medication unresolved');await page.getByRole('searchbox').fill('NO MATCH');const body=await page.locator('body').innerText();return {confirmed:body.includes('Library visit · journey'),result:'Detail-page search changes shared query but does not search or filter the visible record.'};
 });
 await reset();return findings;
}
)(page);
```
