### Result
[{"id":"J01-journey-hierarchy","panels":["Journey plan","Departure and return","Passengers and medication logistics","Notes · 0","Linked records"],"geometry":[{"title":"Journey plan","top":584.140625,"height":531.09375},{"title":"Departure and return","top":1135.234375,"height":383.875},{"title":"Passengers and medication logistics","top":1539.109375,"height":319.6875},{"title":"Notes · 0","top":1878.796875,"height":110.59375},{"title":"Record return","top":497.140625,"height":411.96875},{"title":"Linked records","top":929.109375,"height":370.5}],"result":"Actual passenger/medication work appears below repeated request summary and vehicle details."},{"id":"J02-completion-offscreen","completionBox":{"x":1084.390625,"y":1985.890625,"width":127.1875,"height":31.5},"viewportHeight":1000,"primary":"NEXT ACTION\nHand over to next shift\n\nKeep custody with the recorded holder until receipt and handover are acknowledged.\n\nHand over to next shift\nMC\nMia Chen\n\nRequest owner · site coordinator\n\nNext action target: Mon 28 Sep, 12:45 PM\n\nExample owner and due target. Escalation routing needs approved configuration.","result":"Completion is below the fold while the prominent action requires next-shift handover."},{"id":"J03-return-before-departure","confirmed":true,"result":"25 Sep return accepted for the 28 Sep journey; chronological consistency is not checked."},{"id":"J04-replay-changed-payload","confirmed":true,"result":"Original RC-311 recovery uses changed draft odometer 48999 instead of the original 48248; no immutable receipt snapshot."},{"id":"J05-history-leaks-into-new-request","confirmed":true,"result":"New TR-1044 inherits TR-1042 notes and history."},{"id":"J06-missing-information-dead-end","dialog":"TR-1043 · Community garden\n\nBounded source handoff · synthetic records · original workspace ownership preserved.\n\nSupport needs not yet confirmed\nEli Thompson owns confirmation of the time window, support needs and escort requirement. Do not allocate against unknown suitability.\nAwaiting information\nSource\nTR-1043 · Kōwhai House\nNext action\nConfirm practical support needs with requester\nDue target\n28 Sep · 8:45 AM · example target\nReturn to transport\nClose","result":"Needs-information row has explanation only, no request/amendment/resolution action."},{"id":"J07-filter-cycle-no-menu","menus":0,"nextSite":"Aurora only","result":"Chevron-labelled site filter cycles values instead of opening choices."},{"id":"J08-direct-unknown-record","heading":"Library visit · journey","showsJ608":true,"result":"Unknown journey URL renders the active fixture instead of not-found."}]
### Ran Playwright code
```js
await (async(page)=>{
 await page.bringToFront();await page.emulateMedia({reducedMotion:'reduce'});await page.setViewportSize({width:1440,height:1000});page.setDefaultTimeout(7000);
 const findings=[],b=n=>page.getByRole('button',{name:n,exact:true}),seen=async t=>page.getByText(t,{exact:false}).first().waitFor({state:'visible',timeout:4000});
 const reset=async()=>page.goto('http://127.0.0.1:4395/');const scenario=async n=>{await reset();await b('Preview scenarios').click();await b(n).click()};const test=async(id,fn)=>{try{findings.push({id,...await fn()})}catch(e){findings.push({id,error:String(e).slice(0,1400)})}};
 await test('J01-journey-hierarchy',async()=>{
  await scenario('Medication unresolved');const panels=await page.locator('.card-title h2').allTextContents();const geometry=await page.locator('.card-body').evaluateAll(es=>es.map(e=>({title:e.querySelector('h2')?.textContent||e.querySelector('h3')?.textContent||'',top:e.getBoundingClientRect().top,height:e.getBoundingClientRect().height})));await page.screenshot({path:'screenshots/J01-journey-full.png',fullPage:true});return {panels,geometry,result:'Actual passenger/medication work appears below repeated request summary and vehicle details.'};
 });
 await test('J02-completion-offscreen',async()=>{
  await scenario('Return receipt retry');await b('Record return').click();await b('Continue').click();await page.getByRole('checkbox',{name:/Keys and equipment received in full/}).check();await page.getByRole('checkbox',{name:/Passenger return confirmed in source/}).check();await b('Continue').click();await b('Record return receipt').click();await b('Check receipt RC-311').click();await b('Open record').click();await page.keyboard.press('Control+Home');const box=await b('Complete journey').boundingBox();const primary=await page.locator('.action-panel').innerText();await page.screenshot({path:'screenshots/J02-returned-journey-full.png',fullPage:true});return {completionBox:box,viewportHeight:1000,primary,result:'Completion is below the fold while the prominent action requires next-shift handover.'};
 });
 await test('J03-return-before-departure',async()=>{
  await scenario('Return receipt retry');await b('Record return').click();await page.getByRole('button',{name:/Observed return date:/}).click();await page.getByRole('button',{name:'Fri 25 September 2026',exact:true}).click();await b('Use date').click();await b('Continue').click();await b('Continue').click();await b('Record return receipt').click();await b('Check receipt RC-311').click();await seen('Return receipt recorded');await page.screenshot({path:'screenshots/J03-return-before-departure-accepted.png'});return {confirmed:true,result:'25 Sep return accepted for the 28 Sep journey; chronological consistency is not checked.'};
 });
 await test('J04-replay-changed-payload',async()=>{
  await scenario('Return receipt retry');await b('Record return').click();await b('Continue').click();await b('Continue').click();await b('Record return receipt').click();await seen('Receipt acknowledgement was interrupted');await b('Back').click();await b('Back').click();await page.getByLabel('Return odometer (km)').fill('48999');await b('Continue').click();await b('Continue').click();await b('Check receipt RC-311').click();await b('Open record').click();await b('History').click();await seen('48999');await page.screenshot({path:'screenshots/J04-original-receipt-mutated.png'});return {confirmed:true,result:'Original RC-311 recovery uses changed draft odometer 48999 instead of the original 48248; no immutable receipt snapshot.'};
 });
 await test('J05-history-leaks-into-new-request',async()=>{
  await reset();await page.getByRole('row').filter({hasText:'TR-1042'}).click();await b('Add note').click();await page.getByLabel('Transport note').fill('Original request only: bring blue folder.');await b('Save note').click();await page.getByRole('tab',{name:'Requests',exact:true}).click();await b('Request transport').first().click();await page.getByLabel('Purpose',{exact:true}).fill('Different request');await b('Continue').click();await b('Continue').click();await b('Submit request').click();await b('Open record').click();const body=await page.locator('body').innerText();await page.screenshot({path:'screenshots/J05-new-request-inherits-old-note.png',fullPage:true});return {confirmed:body.includes('Original request only: bring blue folder.'),result:'New TR-1044 inherits TR-1042 notes and history.'};
 });
 await test('J06-missing-information-dead-end',async()=>{
  await reset();await page.getByRole('row').filter({hasText:'TR-1043'}).click();const dialog=await page.getByRole('dialog').innerText();return {dialog,result:'Needs-information row has explanation only, no request/amendment/resolution action.'};
 });
 await test('J07-filter-cycle-no-menu',async()=>{
  await reset();await b('All approved sites').click();const popups=await page.getByRole('menu').count();const text=await page.locator('body').innerText();return {menus:popups,nextSite:text.includes('Kōwhai House')?'some Kōwhai content visible':'Aurora only',result:'Chevron-labelled site filter cycles values instead of opening choices.'};
 });
 await test('J08-direct-unknown-record',async()=>{
  await page.goto('http://127.0.0.1:4395/#/fleet-assets/transports/J-99999');const heading=await page.getByRole('heading',{level:1}).innerText();const body=await page.locator('body').innerText();return {heading,showsJ608:body.includes('J-608'),result:'Unknown journey URL renders the active fixture instead of not-found.'};
 });
 await reset();return findings;
}
)(page);
```
