
 RUN  v4.1.5 <main>

 ✓ resources/js/pages/sites/calendar/protected-press.test.ts > protected calendar presses > opens once only after a short release inside, never on down 2ms
 ✓ resources/js/pages/sites/calendar/protected-press.test.ts > protected calendar presses > does not inspect after long hold 0ms
 ✓ resources/js/pages/sites/calendar/protected-press.test.ts > protected calendar presses > does not inspect after drag away and back 0ms
 ✓ resources/js/pages/sites/calendar/protected-press.test.ts > protected calendar presses > does not inspect after release outside 0ms
 ✓ resources/js/pages/sites/calendar/protected-press.test.ts > protected calendar presses > does not inspect after cancel 0ms
 ✓ resources/js/pages/sites/calendar/protected-press.test.ts > protected calendar presses > does not inspect after Escape 0ms
 ✓ resources/js/pages/sites/calendar/protected-press.test.ts > protected calendar presses > does not inspect after unmount 0ms
 ✓ resources/js/pages/sites/calendar/protected-press.test.ts > protected calendar presses > ignores another pointer and tolerates movement up to five pixels 0ms
 ✓ resources/js/pages/fleet-assets/assets/register/api.test.ts > shows the worker date and time across daylight saving and UTC date boundaries 14ms
 ✓ resources/js/pages/fleet-assets/assets/register/api.test.ts > rejects a sign-in page returned in place of an exported report 2ms
 ✓ resources/js/pages/fleet-assets/assets/register/api.test.ts > sends register commands to the mounted route with CSRF protection 7ms
 ✓ resources/js/pages/fleet-assets/assets/register/api.test.ts > preserves canonical inventory routes and reports a lost session 1ms
 ✓ resources/js/pages/fleet-assets/vehicles/calendar-time.test.ts > Fleet calendar Auckland wall time > keeps Auckland hours when the browser uses another timezone 2ms
 ✓ resources/js/pages/fleet-assets/vehicles/calendar-time.test.ts > Fleet calendar Auckland wall time > preserves wall times on both sides of the repeated autumn hour 0ms
 ✓ resources/js/pages/fleet-assets/vehicles/calendar-time.test.ts > Fleet moves with browser timezone UTC > preserves elapsed time from 2027-04-04T01:30:00+13:00 when moved to 2027-04-04T03:30:00+12:00 1ms
 ✓ resources/js/pages/fleet-assets/vehicles/calendar-time.test.ts > Fleet moves with browser timezone UTC > preserves elapsed time from 2026-09-27T01:30:00+12:00 when moved to 2026-09-27T03:30:00+13:00 0ms
 ✓ resources/js/pages/fleet-assets/vehicles/calendar-time.test.ts > Fleet moves with browser timezone UTC > preserves elapsed time from 2027-04-03T01:30:00+13:00 when moved to 2027-04-03T03:30:00+13:00 0ms
 ✓ resources/js/pages/fleet-assets/vehicles/calendar-time.test.ts > Fleet moves with browser timezone UTC > preserves elapsed time from 2026-09-26T01:30:00+12:00 when moved to 2026-09-26T03:30:00+12:00 0ms
 ✓ resources/js/pages/fleet-assets/vehicles/calendar-time.test.ts > Fleet moves with browser timezone UTC > offers both repeated start occurrences with matching ends 1ms
 ✓ resources/js/pages/fleet-assets/vehicles/calendar-time.test.ts > Fleet moves with browser timezone UTC > does not normalise skipped spring times into a different hour 1ms
 ✓ resources/js/pages/fleet-assets/vehicles/calendar-time.test.ts > Fleet moves with browser timezone Pacific/Auckland > preserves elapsed time from 2027-04-04T01:30:00+13:00 when moved to 2027-04-04T03:30:00+12:00 1ms
 ✓ resources/js/pages/fleet-assets/vehicles/calendar-time.test.ts > Fleet moves with browser timezone Pacific/Auckland > preserves elapsed time from 2026-09-27T01:30:00+12:00 when moved to 2026-09-27T03:30:00+13:00 0ms
 ✓ resources/js/pages/fleet-assets/vehicles/calendar-time.test.ts > Fleet moves with browser timezone Pacific/Auckland > preserves elapsed time from 2027-04-03T01:30:00+13:00 when moved to 2027-04-03T03:30:00+13:00 0ms
 ✓ resources/js/pages/fleet-assets/vehicles/calendar-time.test.ts > Fleet moves with browser timezone Pacific/Auckland > preserves elapsed time from 2026-09-26T01:30:00+12:00 when moved to 2026-09-26T03:30:00+12:00 1ms
 ✓ resources/js/pages/fleet-assets/vehicles/calendar-time.test.ts > Fleet moves with browser timezone Pacific/Auckland > offers both repeated start occurrences with matching ends 1ms
 ✓ resources/js/pages/fleet-assets/vehicles/calendar-time.test.ts > Fleet moves with browser timezone Pacific/Auckland > does not normalise skipped spring times into a different hour 0ms
 ✓ resources/js/components/fleet-assets/transport/calendar-actions.test.ts > Transport calendar proposals > preserves departure time and overnight duration when dropped on a month date 17ms
 ✓ resources/js/components/fleet-assets/transport/calendar-actions.test.ts > Transport calendar proposals > uses the exact proposed time and duration from week/day resizing 1ms
 ✓ resources/js/components/fleet-assets/transport/calendar-actions.test.ts > Transport calendar proposals > retains real duration across Auckland DST in a UTC browser 4ms
 ✓ resources/js/components/fleet-assets/transport/calendar-actions.test.ts > Transport calendar proposals > retains real duration across Auckland DST in a Pacific/Auckland browser 4ms
 ✓ resources/js/components/fleet-assets/transport/calendar-actions.test.ts > Transport calendar proposals > retains real duration across Auckland DST in a America/Los_Angeles browser 3ms
 ✓ resources/js/components/fleet-assets/transport/calendar-actions.test.ts > Transport calendar proposals > requires an explicit offset for repeated hours and rejects nonexistent wall times 3ms
 ✓ resources/js/components/fleet-assets/transport/calendar-actions.test.ts > Transport calendar proposals > offers dragging only for permitted future pending or approved plans 1ms
 ✓ resources/js/pages/fleet-assets/assets/register/stocktakes.test.tsx > closes a linked count before refreshing the hub, so reload does not reopen it 192ms
 ✓ resources/js/pages/fleet-assets/assets/register/stocktakes.test.tsx > clears count rows while loading site coverage and retains the selected section on a matching hero filter 103ms
 ✓ resources/js/pages/fleet-assets/assets/register/stocktake-modal.test.tsx > stocktake server recovery and scan workflow > keeps unfinished-count guidance accurate when the review has no differences yet 206ms
 ✓ resources/js/pages/fleet-assets/assets/register/stocktake-modal.test.tsx > stocktake server recovery and scan workflow > keeps an unsuccessful answer pending and retries the same command identity 81ms
 ✓ resources/js/pages/fleet-assets/assets/register/stocktake-modal.test.tsx > stocktake server recovery and scan workflow > resolves a QR before recording a found answer and never finishes automatically 52ms
 ✓ resources/js/pages/fleet-assets/assets/register/stocktake-modal.test.tsx > stocktake server recovery and scan workflow > requires explicit confirmation for a QR outside the checklist 81ms
 ✓ resources/js/pages/fleet-assets/assets/register/stocktake-modal.test.tsx > stocktake server recovery and scan workflow > opens a completed count read-only and handles a revoked export without changing it 29ms
 ✓ resources/js/components/fleet-assets/fleet-workspace-navigation.test.tsx > Fleet workspace navigation > discovers permitted analytics for 'report only' without assuming Fleet operational access 221ms
 ✓ resources/js/components/fleet-assets/fleet-workspace-navigation.test.tsx > Fleet workspace navigation > discovers permitted analytics for 'reports and assigned assets' without assuming Fleet operational access 62ms
 ✓ resources/js/components/fleet-assets/fleet-workspace-navigation.test.tsx > Fleet workspace navigation > discovers permitted analytics for 'reports and asset management' without assuming Fleet operational access 71ms
 ✓ resources/js/components/fleet-assets/fleet-workspace-navigation.test.tsx > Fleet workspace navigation > does not turn unrelated reporting authority into Fleet access: {"reports":{"viewAny":true}} 22ms
 ✓ resources/js/components/fleet-assets/fleet-workspace-navigation.test.tsx > Fleet workspace navigation > does not turn unrelated reporting authority into Fleet access: {} 10ms
 ✓ resources/js/components/fleet-assets/fleet-workspace-navigation.test.tsx > Fleet workspace navigation > renders eight primary links and selects Fleet on a filtered nested vehicle URL 53ms
 ✓ resources/js/components/fleet-assets/fleet-workspace-navigation.test.tsx > Fleet workspace navigation > keeps /fleet-assets/trips/12/playback?site_id=7 in its workspace without selecting the hub root 0ms
 ✓ resources/js/components/fleet-assets/fleet-workspace-navigation.test.tsx > Fleet workspace navigation > keeps /fleet-assets/transports/12/pre-check in its workspace without selecting the hub root 0ms
 ✓ resources/js/components/fleet-assets/fleet-workspace-navigation.test.tsx > Fleet workspace navigation > keeps /fleet-assets/handovers/12 in its workspace without selecting the hub root 1ms
 ✓ resources/js/components/fleet-assets/fleet-workspace-navigation.test.tsx > Fleet workspace navigation > keeps /fleet-assets/assets/12?tab=documents in its workspace without selecting the hub root 0ms
 ✓ resources/js/components/fleet-assets/fleet-workspace-navigation.test.tsx > Fleet workspace navigation > keeps /fleet-assets/maintenance/checklists/runs/12 in its workspace without selecting the hub root 0ms
 ✓ resources/js/components/fleet-assets/fleet-workspace-navigation.test.tsx > Fleet workspace navigation > keeps /fleet-assets/inspections/12 in its workspace without selecting the hub root 0ms
 ✓ resources/js/components/fleet-assets/fleet-workspace-navigation.test.tsx > Fleet workspace navigation > keeps /fleet-assets/daily-check in its workspace without selecting the hub root 0ms
 ✓ resources/js/components/fleet-assets/fleet-workspace-navigation.test.tsx > Fleet workspace navigation > keeps /fleet-assets/resident-tracking/history/12?tab=wandering in its workspace without selecting the hub root 0ms
 ✓ resources/js/components/fleet-assets/fleet-workspace-navigation.test.tsx > Fleet workspace navigation > keeps /fleet-assets/devices/12 in its workspace without selecting the hub root 0ms
 ✓ resources/js/components/fleet-assets/fleet-workspace-navigation.test.tsx > Fleet workspace navigation > keeps /fleet-assets/geofences?edit=12 in its workspace without selecting the hub root 0ms
 ✓ resources/js/components/fleet-assets/fleet-workspace-navigation.test.tsx > Fleet workspace navigation > keeps /fleet-assets/mileage?status=pending in its workspace without selecting the hub root 0ms
 ✓ resources/js/components/fleet-assets/fleet-workspace-navigation.test.tsx > Fleet workspace navigation > keeps /fleet-assets/reports/cost-allocation in its workspace without selecting the hub root 0ms
 ✓ resources/js/components/fleet-assets/fleet-workspace-navigation.test.tsx > Fleet workspace navigation > keeps /fleet-assets/incidents?incident=12 in its workspace without selecting the hub root 0ms
 ✓ resources/js/components/fleet-assets/fleet-workspace-navigation.test.tsx > Fleet workspace navigation > keeps /fleet-assets/settings/notifications in its workspace without selecting the hub root 0ms
 ✓ resources/js/components/fleet-assets/fleet-workspace-navigation.test.tsx > Fleet workspace navigation > does not hijack other modules or similarly prefixed paths 1ms
 ✓ resources/js/components/fleet-assets/fleet-workspace-navigation.test.tsx > Fleet workspace navigation > keeps connected transport sources discoverable in the dedicated workspace 40ms
 ✓ resources/js/components/fleet-assets/fleet-workspace-navigation.test.tsx > Fleet workspace navigation > preserves query and hash on the current operating register and provides the return to Vehicles 37ms
 ✓ resources/js/components/fleet-assets/fleet-workspace-navigation.test.tsx > Fleet workspace navigation > retains assigned inventory and daily checks without denied administrative links 24ms
 ✓ resources/js/components/fleet-assets/fleet-workspace-navigation.test.tsx > Fleet workspace navigation > uses permitted landings for asset managers with no Fleet permission 32ms
 ✓ resources/js/components/fleet-assets/fleet-workspace-navigation.test.tsx > Fleet workspace navigation > requires telemetry permission for the specialist tracking path while retaining device pairing 15ms
 ✓ resources/js/components/fleet-assets/fleet-workspace-navigation.test.tsx > Fleet workspace navigation > keeps relocated tools searchable but gives no Fleet entry to staff without Fleet or asset access 13ms

 Test Files  7 passed (7)
      Tests  67 passed (67)
   Start at  18:13:54
   Duration  6.63s (transform 821ms, setup 873ms, import 14.00s, tests 1.43s, environment 6.91s)
