No syntax errors detected in app/Http/Controllers/FleetAssets/AssetController.php
No syntax errors detected in app/Http/Controllers/FleetAssets/AssetImportController.php
No syntax errors detected in app/Http/Controllers/FleetAssets/AssetLabelController.php
No syntax errors detected in app/Http/Controllers/FleetAssets/AssetStocktakeController.php
No syntax errors detected in app/Models/AssetImportBatch.php
No syntax errors detected in app/Models/AssetLabelBatch.php
No syntax errors detected in app/Models/AssetStocktake.php
No syntax errors detected in app/Services/Assets/AssetLabelExporter.php
No syntax errors detected in app/Services/Assets/AssetStocktakeExporter.php
No syntax errors detected in app/Services/Assets/AssetStocktakeService.php
No syntax errors detected in app/Services/Assets/BrandedWorkbook.php
No syntax errors detected in app/Services/Fleet/VehicleTripReportExporter.php
No syntax errors detected in app/Support/SchemaCache.php
No syntax errors detected in database/migrations/2026_09_27_120000_create_asset_register_workflows.php
No syntax errors detected in database/migrations/2026_09_27_140000_retain_stocktake_history_asset_references.php
No syntax errors detected in resources/views/pdf/asset-labels.blade.php
No syntax errors detected in resources/views/pdf/asset-stocktake.blade.php
No syntax errors detected in routes/fleet-assets.php
No syntax errors detected in tests/Feature/FleetAssets/AssetRegisterWorkflowTest.php
No syntax errors detected in tests/TestCase.php
No syntax errors detected in tests/Unit/Support/SchemaCacheScopeTest.php
