{
    "isolation_checks": {
        "environment_testing": true,
        "database_mysql": true,
        "database_loopback": true,
        "dedicated_database_base": true,
        "database_url_absent": true,
        "config_cache_absent": true,
        "unique_test_token": true,
        "mail_array": true,
        "queue_sync": true,
        "broadcast_disabled": true,
        "cache_array": true,
        "session_array": true,
        "maintenance_files_absent": true,
        "isolated_schema_does_not_exist": true
    },
    "base_path": "C:\\Users\\steph\\Herd\\oblivionfindings",
    "isolated_database_for_testcase": "oblivion_it_support_test_it_67e9d6dd8cac4b26",
    "database_mutations_performed": false
}

  [30;42;1m PASS [39;49;22m[39m Tests\Feature\It\ItMajorIncidentManagementTest[39m
  [32;1m✓[39;22m[90m [39m[90mupdate cadence becomes overdue and audience safe communications notify affected requesters[39m[90m                [39m [90m199.77s[39m  
  [32;1m✓[39;22m[90m [39m[90msaving an unchanged update interval does not postpone an overdue communication[39m[90m                              [39m [90m0.87s[39m  

  [90mTests:[39m    [32;1m2 passed[39;22m[90m (45 assertions)[39m
  [90mDuration:[39m [39m200.90s[39m

{"phase":"focused_tests_finished","exit_code":0}
{
    "isolation_checks": {
        "environment_testing": true,
        "database_mysql": true,
        "database_loopback": true,
        "dedicated_database_base": true,
        "database_url_absent": true,
        "config_cache_absent": true,
        "unique_test_token": true,
        "mail_array": true,
        "queue_sync": true,
        "broadcast_disabled": true,
        "cache_array": true,
        "session_array": true,
        "maintenance_files_absent": true,
        "isolated_schema_does_not_exist": true
    },
    "base_path": "C:\\Users\\steph\\Herd\\oblivionfindings",
    "isolated_database_for_testcase": "oblivion_it_support_test_it_67e9d6dd8cac4b26",
    "database_mutations_performed": false
}
