
 RUN  v4.1.5 C:/Users/steph/Herd/oblivionfindings

x

⎯⎯⎯⎯⎯⎯⎯ Failed Tests 1 ⎯⎯⎯⎯⎯⎯⎯

 FAIL  resources/js/components/it/__tests__/knowledge-editor-loading.test.tsx > loads a proposal before editing and preserves typed changes after a later context refresh
TestingLibraryElementError: Unable to find an accessible element with the role "button" and name `/Content Write & preview/`

Here are the accessible roles:

  dialog:

  Name "Edit article":
  <div
    aria-describedby="radix-_r_2_"
    aria-labelledby="radix-_r_1_"
    class="bg-background data-[state=open]:animate-in data-[state=closed]:animate-out data-[state=closed]:fade-out-0 data-[state=open]:fade-in-0 data-[state=closed]:zoom-out-95 data-[state=open]:zoom-in-95 fixed top-[50%] left-[50%] z-50 grid w-full max-w-[calc(100%-2rem)] translate-x-[-50%] translate-y-[-50%] gap-4 rounded-lg border shadow-lg duration-200 sm:max-w-lg overflow-hidden p-0 [&>button]:hidden"
    data-slot="dialog-content"
    data-state="open"
    id="radix-_r_0_"
    role="dialog"
    style="max-width: min(94vw, 980px); pointer-events: auto;"
    tabindex="-1"
  />

  --------------------------------------------------
  heading:

  Name "Edit article":
  <h2
    class="text-lg leading-none font-semibold sr-only"
    data-slot="dialog-title"
    id="radix-_r_1_"
  />

  Name "Basics":
  <h2
    class="text-lg font-bold tracking-tight"
  />

  --------------------------------------------------
  paragraph:

  Name "":
  <p
    class="text-muted-foreground text-sm sr-only"
    data-slot="dialog-description"
    id="radix-_r_2_"
  />

  Name "":
  <p
    class="mt-0.5 text-sm text-muted-foreground"
  />

  --------------------------------------------------
  complementary:

  Name "":
  <aside
    class="hidden w-[248px] shrink-0 flex-col gap-1 overflow-y-auto border-r border-border bg-muted/30 p-4 text-foreground sm:flex"
    data-wizard-region="rail"
  />

  --------------------------------------------------
  button:

  Name "BasicsTitle & category":
  <button
    class="flex items-center gap-2.5 rounded-md p-2 text-left transition-colors disabled:pointer-events-none bg-primary/10"
    type="button"
  />

  Name "OwnershipAudience & review":
  <button
    class="flex items-center gap-2.5 rounded-md p-2 text-left transition-colors disabled:pointer-events-none hover:bg-accent"
    type="button"
  />

  Name "ContentWrite & preview":
  <button
    class="flex items-center gap-2.5 rounded-md p-2 text-left transition-colors disabled:pointer-events-none hover:bg-accent"
    type="button"
  />

  Name "ReviewConfirm & save":
  <button
    class="flex items-center gap-2.5 rounded-md p-2 text-left transition-colors disabled:pointer-events-none hover:bg-accent"
    type="button"
  />

  Name "Close":
  <button
    aria-label="Close"
    class="grid h-8 w-8 place-items-center rounded-md text-muted-foreground hover:bg-muted"
    type="button"
  />

  Name "HardwareLaptops, phones, printers & devices":
  <button
    aria-pressed="false"
    class="flex items-start gap-2.5 rounded-lg border bg-card/50 p-3 text-left transition-all hover:border-primary/50 hover:bg-card focus:outline-none focus-visible:ring-2 focus-visible:ring-primary border-border"
    type="button"
  />

  Name "AccountLogins, email & software access":
  <button
    aria-pressed="false"
    class="flex items-start gap-2.5 rounded-lg border bg-card/50 p-3 text-left transition-all hover:border-primary/50 hover:bg-card focus:outline-none focus-visible:ring-2 focus-visible:ring-primary border-border"
    type="button"
  />

  Name "NetworkWi-Fi, VPN & connectivity":
  <button
    aria-pressed="true"
    class="flex items-start gap-2.5 rounded-lg border p-3 text-left transition-all hover:border-primary/50 hover:bg-card focus:outline-none focus-visible:ring-2 focus-visible:ring-primary border-primary bg-primary/10 ring-1 ring-primary/40"
    type="button"
  />

  Name "OtherAnything else IT should look at":
  <button
    aria-pressed="false"
    class="flex items-start gap-2.5 rounded-lg border bg-card/50 p-3 text-left transition-all hover:border-primary/50 hover:bg-card focus:outline-none focus-visible:ring-2 focus-visible:ring-primary border-border"
    type="button"
  />

  Name "Cancel":
  <button
    class="inline-flex items-center justify-center gap-2 whitespace-nowrap rounded-md text-sm font-medium transition-[color,box-shadow] disabled:pointer-events-none disabled:opacity-50 [&_svg]:pointer-events-none [&_svg:not([class*='size-'])]:size-4 [&_svg]:shrink-0 outline-none focus-visible:border-ring focus-visible:ring-ring/50 focus-visible:ring-[3px] aria-invalid:ring-destructive/20 dark:aria-invalid:ring-destructive/40 aria-invalid:border-destructive hover:bg-accent hover:text-accent-foreground h-9 px-4 py-2 has-[>svg]:px-3"
    data-slot="button"
  />

  Name "Continue":
  <button
    class="inline-flex items-center justify-center gap-2 whitespace-nowrap rounded-md text-sm font-medium transition-[color,box-shadow] disabled:pointer-events-none disabled:opacity-50 [&_svg]:pointer-events-none [&_svg:not([class*='size-'])]:size-4 [&_svg]:shrink-0 outline-none focus-visible:border-ring focus-visible:ring-ring/50 focus-visible:ring-[3px] aria-invalid:ring-destructive/20 dark:aria-invalid:ring-destructive/40 aria-invalid:border-destructive btn-soft-primary text-primary-foreground h-9 px-4 py-2 has-[>svg]:px-3"
    data-slot="button"
  />

  Name "Close":
  <button
    class="ring-offset-background focus:ring-ring data-[state=open]:bg-accent data-[state=open]:text-muted-foreground absolute top-4 right-4 rounded-xs opacity-70 transition-opacity hover:opacity-100 focus:ring-2 focus:ring-offset-2 focus:outline-hidden disabled:pointer-events-none [&_svg]:pointer-events-none [&_svg]:shrink-0 [&_svg:not([class*='size-'])]:size-4"
    type="button"
  />

  --------------------------------------------------
  banner:

  Name "":
  <header
    class="flex shrink-0 items-center justify-between border-b border-border px-5 py-3.5"
    data-wizard-region="header"
  />

  --------------------------------------------------
  group:

  Name "":
  <fieldset
    class="min-w-0 border-0 p-0"
  />

  --------------------------------------------------
  textbox:

  Name "Title*":
  <input
    class="border-input file:text-foreground placeholder:text-muted-foreground selection:bg-primary selection:text-primary-foreground flex h-9 w-full min-w-0 rounded-md border bg-transparent px-3 py-1 text-base shadow-xs transition-[color,box-shadow] outline-none file:inline-flex file:h-7 file:border-0 file:bg-transparent file:text-sm file:font-medium disabled:pointer-events-none disabled:cursor-not-allowed disabled:opacity-50 md:text-sm focus-visible:border-ring focus-visible:ring-ring/50 focus-visible:ring-[3px] aria-invalid:ring-destructive/20 dark:aria-invalid:ring-destructive/40 aria-invalid:border-destructive"
    data-slot="input"
    id="_r_g_"
    maxlength="255"
    placeholder="e.g. Reset your work password"
    value="My retained edit"
  />

  --------------------------------------------------
  combobox:

  Name "Select document type":
  <button
    aria-autocomplete="none"
    aria-controls="radix-_r_j_"
    aria-expanded="false"
    aria-label="Select document type"
    class="border-input data-[placeholder]:text-muted-foreground [&_svg:not([class*='text-'])]:text-muted-foreground focus-visible:border-ring focus-visible:ring-ring/50 aria-invalid:ring-destructive/20 dark:aria-invalid:ring-destructive/40 aria-invalid:border-destructive flex h-9 items-center justify-between rounded-md border bg-transparent px-3 py-2 text-sm shadow-xs transition-[color,box-shadow] outline-none focus-visible:ring-[3px] disabled:cursor-not-allowed disabled:opacity-50 *:data-[slot=select-value]:flex *:data-[slot=select-value]:items-center *:data-[slot=select-value]:gap-2 [&_svg]:pointer-events-none [&_svg]:shrink-0 [&_svg:not([class*='size-'])]:size-4 [&>span]:line-clamp-1 w-full"
    data-slot="select-trigger"
    data-state="closed"
    dir="ltr"
    role="combobox"
    type="button"
  />

  --------------------------------------------------
  contentinfo:

  Name "":
  <footer
    class="flex shrink-0 items-center justify-between gap-3 border-t border-border bg-muted/30 px-5 py-3.5"
    data-wizard-region="footer"
  />

  --------------------------------------------------

Ignored nodes: comments, script, style
<body
  data-scroll-locked="1"
  style="pointer-events: none;"
>
  <span
    aria-hidden="true"
    data-aria-hidden="true"
    data-radix-focus-guard=""
    style="outline: none; opacity: 0; position: fixed; pointer-events: none;"
    tabindex="0"
  />
  <div
    aria-hidden="true"
    data-aria-hidden="true"
  />
  <div
    aria-hidden="true"
    class="data-[state=open]:animate-in data-[state=closed]:animate-out data-[state=closed]:fade-out-0 data-[state=open]:fade-in-0 fixed inset-0 z-50 bg-black/80"
    data-aria-hidden="true"
    data-slot="dialog-overlay"
    data-state="open"
    style="pointer-events: auto;"
  />
  <div
    aria-describedby="radix-_r_2_"
    aria-labelledby="radix-_r_1_"
    class="bg-background data-[state=open]:animate-in data-[state=closed]:animate-out data-[state=closed]:fade-out-0 data-[state=open]:fade-in-0 data-[state=closed]:zoom-out-95 data-[state=open]:zoom-in-95 fixed top-[50%] left-[50%] z-50 grid w-full max-w-[calc(100%-2rem)] translate-x-[-50%] translate-y-[-50%] gap-4 rounded-lg border shadow-lg duration-200 sm:max-w-lg overflow-hidden p-0 [&>button]:hidden"
    data-slot="dialog-content"
    data-state="open"
    id="radix-_r_0_"
    role="dialog"
    style="max-width: min(94vw, 980px); pointer-events: auto;"
    tabindex="-1"
  >
    <h2
      class="text-lg leading-none font-semibold sr-only"
      data-slot="dialog-title"
      id="radix-_r_1_"
    >
      Edit article
    </h2>
    <p
      class="text-muted-foreground text-sm sr-only"
      data-slot="dialog-description"
      id="radix-_r_2_"
    >
      Create support documentation with a clear owner, audience and review date.
    </p>
    <div
      class="flex min-h-0 overflow-hidden"
    >
      <aside
        class="hidden w-[248px] shrink-0 flex-col gap-1 overflow-y-auto border-r border-border bg-muted/30 p-4 text-foreground sm:flex"
        data-wizard-region="rail"
      >
        <div
          class="mb-3 flex items-center gap-2.5"
        >
          <span
            class="grid h-9 w-9 place-items-center rounded-lg bg-primary text-primary-foreground"
          >
            <svg
              class="lucide lucide-book-open h-5 w-5"
              fill="none"
              height="24"
              stroke="currentColor"
              stroke-linecap="round"
              stroke-linejoin="round"
              stroke-width="2"
              viewBox="0 0 24 24"
              width="24"
              xmlns="http://www.w3.org/2000/svg"
            >
              <path
                d="M12 7v14"
              />
              <path
                d="M3 18a1 1 0 0 1-1-1V4a1 1 0 0 1 1-1h5a4 4 0 0 1 4 4 4 4 0 0 1 4-4h5a1 1 0 0 1 1 1v13a1 1 0 0 1-1 1h-6a3 3 0 0 0-3 3 3 3 0 0 0-3-3z"
              />
            </svg>
          </span>
          <div>
            <div
              class="text-sm leading-tight font-bold"
            >
              Knowledge
            </div>
            <div
              class="text-[11px] text-muted-foreground"
            >
              Documentation workspace
            </div>
          </div>
        </div>
        <button
          class="flex items-center gap-2.5 rounded-md p-2 text-left transition-colors disabled:pointer-events-none bg-primary/10"
          type="button"
        >
          <span
            class="grid h-[26px] w-[26px] shrink-0 place-items-center rounded-full text-[11px] font-bold transition-colors bg-primary text-primary-foreground"
          >
            <svg
              class="lucide lucide-file-text h-3.5 w-3.5"
              fill="none"
              height="24"
              stroke="currentColor"
              stroke-linecap="round"
              stroke-linejoin="round"
              stroke-width="2"
              viewBox="0 0 24 24"
              width="24"
              xmlns="http://www.w3.org/2000/svg"
            >
              <path
                d="M15 2H6a2 2 0 0 0-2 2v16a2 2 0 0 0 2 2h12a2 2 0 0 0 2-2V7Z"
              />
              <path
                d="M14 2v4a2 2 0 0 0 2 2h4"
              />
              <path
                d="M10 9H8"
              />
              <path
                d="M16 13H8"
              />
              <path
                d="M16 17H8"
              />
            </svg>
          </span>
          <span
            class="min-w-0"
          >
            <span
              class="block text-[13px] font-bold text-foreground"
            >
              Basics
            </span>
            <span
              class="block truncate text-[11px] text-muted-foreground"
            >
              Title & category
            </span>
          </span>
        </button>
        <button
          class="flex items-center gap-2.5 rounded-md p-2 text-left transition-colors disabled:pointer-events-none hover:bg-accent"
   ...
 ❯ Object.getElementError node_modules/@testing-library/dom/dist/config.js:37:19
 ❯ node_modules/@testing-library/dom/dist/query-helpers.js:76:38
 ❯ node_modules/@testing-library/dom/dist/query-helpers.js:52:17
 ❯ node_modules/@testing-library/dom/dist/query-helpers.js:95:19
 ❯ resources/js/components/it/__tests__/knowledge-editor-loading.test.tsx:123:16
    121|     ).not.toBeInTheDocument();
    122|     fireEvent.click(
    123|         screen.getByRole('button', { name: /Content Write & preview/ }…
       |                ^
    124|     );
    125|     expect(

⎯⎯⎯⎯⎯⎯⎯⎯⎯⎯⎯⎯⎯⎯⎯⎯⎯⎯⎯⎯⎯⎯⎯⎯[1/1]⎯


 Test Files  1 failed (1)
      Tests  1 failed (1)
   Start at  12:10:04
   Duration  4.32s (transform 488ms, setup 134ms, import 2.54s, tests 429ms, environment 1.07s)

