resources/js/components/it/it-wizards.tsx 952ms (unchanged)
resources/js/components/it/it-reports.tsx 155ms (unchanged)
resources/js/components/it/it-hero.tsx 77ms (unchanged)
resources/js/components/it/use-specialist-form-defaults.ts 36ms (unchanged)
resources/js/pages/it/index.tsx 352ms (unchanged)
resources/js/pages/it/knowledge-access.test.tsx 93ms (unchanged)
resources/js/components/it/knowledge-document.ts 23ms (unchanged)
resources/js/components/it/knowledge-editor-context.tsx 44ms (unchanged)
resources/js/components/it/knowledge-library.tsx 38ms (unchanged)
resources/js/components/it/knowledge-related-records.tsx 60ms (unchanged)
resources/js/components/it/knowledge-revision-dialog.tsx 51ms (unchanged)
resources/js/components/it/knowledge-draft-delete-dialog.tsx 29ms
resources/js/components/it/specialist-create-wizard.tsx 44ms
resources/js/components/it/specialist-creation-result.tsx 29ms (unchanged)
resources/js/components/it/specialist-record-header.tsx 28ms (unchanged)
resources/js/components/it/specialist-record-list.tsx 41ms
resources/js/components/it/specialist-workspace-header.tsx 42ms (unchanged)
resources/js/components/it/__tests__/knowledge-editor-context.test.tsx 38ms (unchanged)
resources/js/components/it/__tests__/knowledge-draft-delete-dialog.test.tsx 26ms (unchanged)
resources/js/components/it/__tests__/specialist-command-wizard.test.tsx 46ms
resources/js/pages/it/problems/index.tsx 55ms (unchanged)
resources/js/pages/it/problems/show.tsx 91ms (unchanged)
resources/js/pages/it/problems/problems.test.tsx 30ms (unchanged)
resources/js/pages/it/changes/index.tsx 50ms (unchanged)
resources/js/pages/it/changes/show.tsx 123ms (unchanged)
resources/js/pages/it/changes/changes.test.tsx 33ms (unchanged)
resources/js/pages/it/major-incidents/index.tsx 45ms (unchanged)
resources/js/pages/it/major-incidents/show.tsx 96ms
resources/js/pages/it/major-incidents/major-incidents.test.tsx 36ms (unchanged)
resources/js/pages/it/knowledge/index.tsx 20ms (unchanged)
resources/js/pages/it/reports/index.tsx 25ms (unchanged)
resources/js/pages/it/provisioning/index.tsx 25ms (unchanged)
