{
    "isolation_checks": {
        "environment_testing": true,
        "database_mysql": true,
        "database_loopback": true,
        "dedicated_database_base": true,
        "database_url_absent": true,
        "config_cache_absent": true,
        "unique_test_token": true,
        "mail_array": true,
        "queue_sync": true,
        "broadcast_disabled": true,
        "cache_array": true,
        "session_array": true,
        "maintenance_files_absent": true,
        "isolated_schema_does_not_exist": true
    },
    "base_path": "C:\\Users\\steph\\Herd\\oblivionfindings",
    "isolated_database_for_testcase": "oblivion_it_support_test_it_6a5987ad0cfd4c2d",
    "database_mutations_performed": false
}

  [30;42;1m PASS [39;49;22m[39m Tests\Feature\It\ItMajorIncidentManagementTest[39m
  [32;1m✓[39;22m[90m [39m[90man agent declares and finds a canonical major incident with command accountability[39m[90m                        [39m [90m206.18s[39m  
  [32;1m✓[39;22m[90m [39m[90mimpacted services sites related incidents and the canonical Control Room alert use typed links[39m[90m              [39m [90m1.26s[39m  
  [32;1m✓[39;22m[90m [39m[90mupdate cadence becomes overdue and audience safe communications notify affected requesters[39m[90m                  [39m [90m7.50s[39m  
  [32;1m✓[39;22m[90m [39m[90mrestoration resolution review and closure require explicit evidence[39m[90m                                         [39m [90m1.09s[39m  
  [32;1m✓[39;22m[90m [39m[90msaving an unchanged update interval does not postpone an overdue communication[39m[90m                              [39m [90m0.75s[39m  
  [32;1m✓[39;22m[90m [39m[90mthe live workspace reuses shared ticket work and exposes communications state[39m[90m                               [39m [90m2.83s[39m  
  [32;1m✓[39;22m[90m [39m[90mmajor incident command is agent only site concealed and rejects inactive impact[39m[90m                             [39m [90m0.93s[39m  

  [30;42;1m PASS [39;49;22m[39m Tests\Feature\It\ItKnowledgeRevisionWorkspaceTest[39m
  [32;1m✓[39;22m[90m [39m[90ma reviewed proposed revision replaces the publication only on approval and preserves encrypted history[39m[90m      [39m [90m0.82s[39m  
  [32;1m✓[39;22m[90m [39m[90ma stale editor cannot overwrite a newer document or append mutation audit evidence[39m[90m                          [39m [90m0.67s[39m  
  [32;1m✓[39;22m[90m [39m[90meditor and revision commands reject another originating account without changing the document[39m[90m               [39m [90m0.70s[39m  
  [32;1m✓[39;22m[90m [39m[90mlosing an original proposal Site conceals its editor and keeps its content out of history[39m[90m                   [39m [90m0.91s[39m  
  [32;1m✓[39;22m[90m [39m[90mrestoring a publication creates a proposal and retains every immutable revision[39m[90m                             [39m [90m0.92s[39m  
  [32;1m✓[39;22m[90m [39m[90mrelationship search reaches later canonical pages and rejects references to inaccessible documents[39m[90m          [39m [90m0.77s[39m  
  [32;1m✓[39;22m[90m [39m[90mrevision calendar dates are usable in editors and history without rewriting older snapshots[39m[90m                 [39m [90m0.94s[39m  
  [32;1m✓[39;22m[90m [39m[90mlibrary pagination retains filters without reopening the selected reader[39m[90m                                    [39m [90m2.77s[39m  
  [32;1m✓[39;22m[90m [39m[90mlibrary metadata omits large document and proposal content until a permitted document is opened[39m[90m             [39m [90m0.91s[39m  

  [90mTests:[39m    [32;1m16 passed[39;22m[90m (251 assertions)[39m
  [90mDuration:[39m [39m230.23s[39m

{"exit_code":0,"phase":"focused_tests_finished"}
{
    "isolation_checks": {
        "environment_testing": true,
        "database_mysql": true,
        "database_loopback": true,
        "dedicated_database_base": true,
        "database_url_absent": true,
        "config_cache_absent": true,
        "unique_test_token": true,
        "mail_array": true,
        "queue_sync": true,
        "broadcast_disabled": true,
        "cache_array": true,
        "session_array": true,
        "maintenance_files_absent": true,
        "isolated_schema_does_not_exist": true
    },
    "base_path": "C:\\Users\\steph\\Herd\\oblivionfindings",
    "isolated_database_for_testcase": "oblivion_it_support_test_it_6a5987ad0cfd4c2d",
    "database_mutations_performed": false
}
