resources/js/components/it/__tests__/specialist-command-wizard.test.tsx(31,66): error TS2769: No overload matches this call.
  Overload 1 of 2, '(role: ByRoleMatcher, options?: ByRoleOptions | undefined): HTMLElement', gave the following error.
    Object literal may only specify known properties, and 'exact' does not exist in type 'ByRoleOptions'.
  Overload 2 of 2, '(role: ByRoleMatcher, options?: ByRoleOptions | undefined): HTMLElement', gave the following error.
    Object literal may only specify known properties, and 'exact' does not exist in type 'ByRoleOptions'.
resources/js/components/it/__tests__/specialist-command-wizard.test.tsx(37,57): error TS2769: No overload matches this call.
  Overload 1 of 2, '(role: ByRoleMatcher, options?: ByRoleOptions | undefined): HTMLElement', gave the following error.
    Object literal may only specify known properties, and 'exact' does not exist in type 'ByRoleOptions'.
  Overload 2 of 2, '(role: ByRoleMatcher, options?: ByRoleOptions | undefined): HTMLElement', gave the following error.
    Object literal may only specify known properties, and 'exact' does not exist in type 'ByRoleOptions'.
resources/js/components/it/__tests__/specialist-command-wizard.test.tsx(46,66): error TS2769: No overload matches this call.
  Overload 1 of 2, '(role: ByRoleMatcher, options?: ByRoleOptions | undefined): HTMLElement', gave the following error.
    Object literal may only specify known properties, and 'exact' does not exist in type 'ByRoleOptions'.
  Overload 2 of 2, '(role: ByRoleMatcher, options?: ByRoleOptions | undefined): HTMLElement', gave the following error.
    Object literal may only specify known properties, and 'exact' does not exist in type 'ByRoleOptions'.
resources/js/components/it/__tests__/specialist-command-wizard.test.tsx(68,66): error TS2769: No overload matches this call.
  Overload 1 of 2, '(role: ByRoleMatcher, options?: ByRoleOptions | undefined): HTMLElement', gave the following error.
    Object literal may only specify known properties, and 'exact' does not exist in type 'ByRoleOptions'.
  Overload 2 of 2, '(role: ByRoleMatcher, options?: ByRoleOptions | undefined): HTMLElement', gave the following error.
    Object literal may only specify known properties, and 'exact' does not exist in type 'ByRoleOptions'.
resources/js/components/it/it-wizards.tsx(3228,10): error TS2741: Property 'onStepClick' is missing in type '{ children: Element; open: true; onClose: () => void; title: string; description: string; railIcon: ForwardRefExoticComponent<Omit<LucideProps, "ref"> & RefAttributes<SVGSVGElement>>; ... 5 more ...; footerStart: Element; }' but required in type '{ open: boolean; onClose: () => void; onOpenAutoFocus?: ((event: Event) => void) | undefined; onCloseAutoFocus?: ((event: Event) => void) | undefined; title: string; description: string; ... 15 more ...; children?: ReactNode; }'.
resources/js/components/today-retirement.test.tsx(84,64): error TS2769: No overload matches this call.
  Overload 1 of 2, '(role: ByRoleMatcher, options?: ByRoleOptions | undefined): HTMLElement', gave the following error.
    Object literal may only specify known properties, and 'exact' does not exist in type 'ByRoleOptions'.
  Overload 2 of 2, '(role: ByRoleMatcher, options?: ByRoleOptions | undefined): HTMLElement', gave the following error.
    Object literal may only specify known properties, and 'exact' does not exist in type 'ByRoleOptions'.
resources/js/components/today-retirement.test.tsx(87,65): error TS2769: No overload matches this call.
  Overload 1 of 2, '(role: ByRoleMatcher, options?: ByRoleOptions | undefined): HTMLElement | null', gave the following error.
    Object literal may only specify known properties, and 'exact' does not exist in type 'ByRoleOptions'.
  Overload 2 of 2, '(role: ByRoleMatcher, options?: ByRoleOptions | undefined): HTMLElement | null', gave the following error.
    Object literal may only specify known properties, and 'exact' does not exist in type 'ByRoleOptions'.
resources/js/components/today-retirement.test.tsx(93,25): error TS2769: No overload matches this call.
  Overload 1 of 2, '(role: ByRoleMatcher, options?: ByRoleOptions | undefined): HTMLElement | null', gave the following error.
    Object literal may only specify known properties, and 'exact' does not exist in type 'ByRoleOptions'.
  Overload 2 of 2, '(role: ByRoleMatcher, options?: ByRoleOptions | undefined): HTMLElement | null', gave the following error.
    Object literal may only specify known properties, and 'exact' does not exist in type 'ByRoleOptions'.
resources/js/pages/it/index.tsx(1245,149): error TS2345: Argument of type '{ actor_user_id: number | undefined; lock_version: number; }' is not assignable to parameter of type 'Record<string, string | number>'.
  Property 'actor_user_id' is incompatible with index signature.
    Type 'number | undefined' is not assignable to type 'string | number'.
      Type 'undefined' is not assignable to type 'string | number'.
resources/js/pages/it/index.tsx(1246,217): error TS2345: Argument of type '{ actor_user_id: number | undefined; lock_version: number; }' is not assignable to parameter of type 'Record<string, string | number>'.
  Property 'actor_user_id' is incompatible with index signature.
    Type 'number | undefined' is not assignable to type 'string | number'.
      Type 'undefined' is not assignable to type 'string | number'.
resources/js/pages/it/index.tsx(1247,152): error TS2345: Argument of type '{ actor_user_id: number | undefined; lock_version: number; }' is not assignable to parameter of type 'Record<string, string | number>'.
  Property 'actor_user_id' is incompatible with index signature.
    Type 'number | undefined' is not assignable to type 'string | number'.
      Type 'undefined' is not assignable to type 'string | number'.
resources/js/pages/it/index.tsx(1250,160): error TS2345: Argument of type '{ actor_user_id: number | undefined; lock_version: number; }' is not assignable to parameter of type 'Record<string, string | number>'.
  Property 'actor_user_id' is incompatible with index signature.
    Type 'number | undefined' is not assignable to type 'string | number'.
      Type 'undefined' is not assignable to type 'string | number'.
resources/js/pages/sites/calendar/personal-entry-dialog.test.tsx(78,60): error TS2769: No overload matches this call.
  Overload 1 of 2, '(role: ByRoleMatcher, options?: ByRoleOptions | undefined): HTMLElement[]', gave the following error.
    Object literal may only specify known properties, and 'exact' does not exist in type 'ByRoleOptions'.
  Overload 2 of 2, '(role: ByRoleMatcher, options?: ByRoleOptions | undefined): HTMLElement[]', gave the following error.
    Object literal may only specify known properties, and 'exact' does not exist in type 'ByRoleOptions'.
