resources/js/components/it/it-wizards.tsx 1171ms
resources/js/components/it/it-reports.tsx 152ms (unchanged)
resources/js/components/it/it-hero.tsx 67ms
resources/js/components/it/use-specialist-form-defaults.ts 26ms
resources/js/pages/it/index.tsx 368ms
resources/js/pages/it/knowledge-access.test.tsx 108ms
resources/js/components/it/knowledge-document.ts 30ms
resources/js/components/it/knowledge-editor-context.tsx 46ms
resources/js/components/it/knowledge-library.tsx 51ms
resources/js/components/it/knowledge-related-records.tsx 67ms
resources/js/components/it/knowledge-revision-dialog.tsx 59ms
resources/js/components/it/knowledge-draft-delete-dialog.tsx 29ms
[error] Unable to write file "resources/js/components/it/knowledge-draft-delete-dialog.tsx":
[error] UNKNOWN: unknown error, open 'C:\Users\steph\Herd\oblivionfindings\resources\js\components\it\knowledge-draft-delete-dialog.tsx'
resources/js/components/it/specialist-create-wizard.tsx 45ms
resources/js/components/it/specialist-creation-result.tsx 22ms
resources/js/components/it/specialist-record-header.tsx 26ms
resources/js/components/it/specialist-record-list.tsx 33ms
resources/js/components/it/specialist-workspace-header.tsx 32ms
resources/js/components/it/__tests__/knowledge-editor-context.test.tsx 44ms
resources/js/components/it/__tests__/knowledge-draft-delete-dialog.test.tsx 28ms
resources/js/components/it/__tests__/specialist-command-wizard.test.tsx 44ms
resources/js/pages/it/problems/index.tsx 53ms
resources/js/pages/it/problems/show.tsx 65ms
resources/js/pages/it/problems/problems.test.tsx 32ms
resources/js/pages/it/changes/index.tsx 47ms
resources/js/pages/it/changes/show.tsx 107ms
resources/js/pages/it/changes/changes.test.tsx 42ms
resources/js/pages/it/major-incidents/index.tsx 62ms
resources/js/pages/it/major-incidents/show.tsx 133ms
resources/js/pages/it/major-incidents/major-incidents.test.tsx 36ms (unchanged)
resources/js/pages/it/knowledge/index.tsx 19ms (unchanged)
resources/js/pages/it/reports/index.tsx 22ms (unchanged)
resources/js/pages/it/provisioning/index.tsx 20ms (unchanged)
