{
    "isolation_checks": {
        "environment_testing": true,
        "database_mysql": true,
        "database_loopback": true,
        "dedicated_database_base": true,
        "database_url_absent": true,
        "config_cache_absent": true,
        "unique_test_token": true,
        "mail_array": true,
        "queue_sync": true,
        "broadcast_disabled": true,
        "cache_array": true,
        "session_array": true,
        "maintenance_files_absent": true,
        "isolated_schema_does_not_exist": true
    },
    "base_path": "C:\\Users\\steph\\Herd\\oblivionfindings",
    "isolated_database_for_testcase": "oblivion_it_support_test_it_68f5b55e9fac490e",
    "database_mutations_performed": false
}

  [30;42;1m PASS [39;49;22m[39m Tests\Feature\It\ItKnowledgeRevisionWorkspaceTest[39m
  [32;1m✓[39;22m[90m [39m[90mrestoring a publication creates a proposal and retains every immutable revision[39m[90m                           [39m [90m265.95s[39m  
  [32;1m✓[39;22m[90m [39m[90mdiagram edits retain saved source versions and reach readers only after publication[39m[90m                         [39m [90m0.90s[39m  
  [32;1m✓[39;22m[90m [39m[90mprivate PDF versions retain history and enforce current document access on preview and originals[39m[90m            [39m [90m2.97s[39m  
  [32;1m✓[39;22m[90m [39m[90mWord uploads have a safe text preview and legacy Word has an explicit original fallback[39m[90m                     [39m [90m4.84s[39m  
  [32;1m✓[39;22m[90m [39m[90munavailable malware scanning cannot expose a file or change the document draft[39m[90m                              [39m [90m0.67s[39m  

  [90mTests:[39m    [32;1m5 passed[39;22m[90m (87 assertions)[39m
  [90mDuration:[39m [39m275.61s[39m

{"phase":"focused_tests_finished","exit_code":0}
{
    "isolation_checks": {
        "environment_testing": true,
        "database_mysql": true,
        "database_loopback": true,
        "dedicated_database_base": true,
        "database_url_absent": true,
        "config_cache_absent": true,
        "unique_test_token": true,
        "mail_array": true,
        "queue_sync": true,
        "broadcast_disabled": true,
        "cache_array": true,
        "session_array": true,
        "maintenance_files_absent": true,
        "isolated_schema_does_not_exist": true
    },
    "base_path": "C:\\Users\\steph\\Herd\\oblivionfindings",
    "isolated_database_for_testcase": "oblivion_it_support_test_it_68f5b55e9fac490e",
    "database_mutations_performed": false
}
