resources/js/components/diagram-studio/diagram-renderer.tsx 432ms (unchanged)
resources/js/components/diagram-studio/diagram-studio.css 59ms (unchanged)
resources/js/components/diagram-studio/diagram-studio.tsx 274ms (unchanged)
resources/js/components/diagram-studio/editor-fields.tsx 50ms (unchanged)
resources/js/components/diagram-studio/shape-graphic.tsx 66ms (unchanged)
resources/js/components/diagram-studio/use-diagram-controller.ts 31ms (unchanged)
resources/js/components/diagram-studio/use-raster-images.ts 23ms (unchanged)
resources/js/components/diagram-studio/workspace-panels.tsx 67ms (unchanged)
resources/js/lib/diagram-studio/compatibility.ts 29ms (unchanged)
resources/js/lib/diagram-studio/contract.ts 29ms (unchanged)
resources/js/lib/diagram-studio/export.ts 22ms (unchanged)
resources/js/lib/diagram-studio/geometry.ts 38ms (unchanged)
resources/js/lib/diagram-studio/host-api.ts 25ms (unchanged)
resources/js/lib/diagram-studio/operations.ts 47ms (unchanged)
resources/js/lib/diagram-studio/schema.ts 32ms (unchanged)
resources/js/lib/diagram-studio/stencils.ts 20ms (unchanged)
resources/js/lib/diagram-studio/templates.ts 122ms (unchanged)
resources/js/lib/diagram-studio/validation.ts 37ms (unchanged)
resources/js/components/diagram-studio/__tests__/core.test.ts 36ms
resources/js/components/diagram-studio/__tests__/editor.test.tsx 42ms
resources/js/components/diagram-studio/__tests__/setup.ts 26ms (unchanged)
resources/js/components/it/knowledge-diagrams.tsx 46ms (unchanged)
resources/js/components/it/knowledge-legacy-diagrams.tsx 57ms (unchanged)
resources/js/components/it/knowledge-raster.ts 37ms (unchanged)
resources/js/components/it/knowledge-revision-dialog.tsx 52ms (unchanged)
resources/js/components/it/__tests__/knowledge-diagrams.test.tsx 29ms
resources/js/components/it/__tests__/knowledge-legacy-diagrams.test.tsx 27ms (unchanged)
resources/js/components/it/__tests__/knowledge-raster.test.tsx 36ms
resources/js/pages/it/knowledge/file.tsx 30ms (unchanged)
resources/js/pages/it/knowledge/show.test.tsx 54ms
resources/js/pages/it/knowledge/show.tsx 112ms (unchanged)
