
 RUN  v4.1.5 C:/Users/steph/Herd/oblivionfindings

 ❯ resources/js/pages/it/knowledge-access.test.tsx (15 tests | 1 failed) 1761ms
     × preserves provisioning filters and pagination when changing its dedicated page layout 7ms

⎯⎯⎯⎯⎯⎯⎯ Failed Tests 1 ⎯⎯⎯⎯⎯⎯⎯

 FAIL  resources/js/pages/it/knowledge-access.test.tsx > Knowledge current audience presentation > preserves provisioning filters and pagination when changing its dedicated page layout
TypeError: Cannot read properties of undefined (reading 'q')
 ❯ ProvisioningRegister resources/js/pages/it/provisioning/index.tsx:94:50
     92|     templates,
     93| }: Props & { currentActorId: number }) {
     94|     const [search, setSearch] = useState(filters.q ?? '');
       |                                                  ^
     95|     const [find, setFind] = useState(false);
     96|     const [launch, setLaunch] = useState(false);
 ❯ Object.react_stack_bottom_frame node_modules/react-dom/cjs/react-dom-client.development.js:25904:20
 ❯ renderWithHooks node_modules/react-dom/cjs/react-dom-client.development.js:7662:22
 ❯ updateFunctionComponent node_modules/react-dom/cjs/react-dom-client.development.js:10166:19
 ❯ beginWork node_modules/react-dom/cjs/react-dom-client.development.js:11778:18
 ❯ runWithFiberInDEV node_modules/react-dom/cjs/react-dom-client.development.js:874:13
 ❯ performUnitOfWork node_modules/react-dom/cjs/react-dom-client.development.js:17641:22
 ❯ workLoopSync node_modules/react-dom/cjs/react-dom-client.development.js:17469:41
 ❯ renderRootSync node_modules/react-dom/cjs/react-dom-client.development.js:17450:11
 ❯ performWorkOnRoot node_modules/react-dom/cjs/react-dom-client.development.js:16583:35

⎯⎯⎯⎯⎯⎯⎯⎯⎯⎯⎯⎯⎯⎯⎯⎯⎯⎯⎯⎯⎯⎯⎯⎯[1/1]⎯


 Test Files  1 failed | 2 passed (3)
      Tests  1 failed | 22 passed (23)
   Start at  14:07:42
   Duration  6.67s (transform 1.39s, setup 432ms, import 6.66s, tests 2.83s, environment 3.77s)

