
C:\Users\steph\Herd\oblivionfindings\.design-drops\knowledge-diagram-studio\candidate\resources\js\components\diagram-studio\diagram-studio.tsx
   299:8   warning  React Hook useLayoutEffect has a missing dependency: 'page.layers'. Either include it or remove the dependency array                                                                                                                                           react-hooks/exhaustive-deps
   318:21  warning  The ref value 'uploads.current' will likely have changed by the time this effect cleanup function runs. If this ref points to a node rendered by React, copy 'uploads.current' to a variable inside the effect, and use that variable in the cleanup function  react-hooks/exhaustive-deps
   900:13  error    Expected an assignment or function call and instead saw an expression                                                                                                                                                                                          @typescript-eslint/no-unused-expressions
   920:13  error    Expected an assignment or function call and instead saw an expression                                                                                                                                                                                          @typescript-eslint/no-unused-expressions
  1217:41  warning  Consider <Button> from @/components/ui/button. If the raw <button> is intentional (custom layout / selector card), add an inline disable comment with reason                                                                                                   no-restricted-syntax
  1351:29  warning  Consider <Button> from @/components/ui/button. If the raw <button> is intentional (custom layout / selector card), add an inline disable comment with reason                                                                                                   no-restricted-syntax
  2249:37  warning  Consider <Button> from @/components/ui/button. If the raw <button> is intentional (custom layout / selector card), add an inline disable comment with reason                                                                                                   no-restricted-syntax
  2302:25  warning  Consider <Button> from @/components/ui/button. If the raw <button> is intentional (custom layout / selector card), add an inline disable comment with reason                                                                                                   no-restricted-syntax
  2348:21  warning  Consider <Button> from @/components/ui/button. If the raw <button> is intentional (custom layout / selector card), add an inline disable comment with reason                                                                                                   no-restricted-syntax
  2407:33  warning  Consider <Button> from @/components/ui/button. If the raw <button> is intentional (custom layout / selector card), add an inline disable comment with reason                                                                                                   no-restricted-syntax

C:\Users\steph\Herd\oblivionfindings\.design-drops\knowledge-diagram-studio\candidate\resources\js\components\diagram-studio\shape-graphic.tsx
  580:9  error  'text' is never reassigned. Use 'const' instead   prefer-const
  593:9  error  'width' is never reassigned. Use 'const' instead  prefer-const

C:\Users\steph\Herd\oblivionfindings\.design-drops\knowledge-diagram-studio\candidate\resources\js\components\diagram-studio\use-raster-images.ts
  23:5  error  Error: Cannot access refs during render

React refs are values that are not needed for rendering. Refs should only be accessed outside of render, such as in event handlers or effects. Accessing a ref value (the `current` property) during render can cause your component not to update as expected (https://react.dev/reference/react/useRef).

C:\Users\steph\Herd\oblivionfindings\.design-drops\knowledge-diagram-studio\candidate\resources\js\components\diagram-studio\use-raster-images.ts:23:5
  21 |     }>({ key: recordKey, images: new Map() });
  22 |     const report = useRef(onIssue);
> 23 |     report.current = onIssue;
     |     ^^^^^^^^^^^^^^ Cannot update ref during render
  24 |     const resolver = adapter?.resolveRaster;
  25 |     const policy = adapter?.policy;
  26 |     useEffect(() => {  react-hooks/refs

✖ 13 problems (5 errors, 8 warnings)
  2 errors and 0 warnings potentially fixable with the `--fix` option.

