{
    "isolation_checks": {
        "environment_testing": true,
        "database_mysql": true,
        "database_loopback": true,
        "dedicated_database_base": true,
        "database_url_absent": true,
        "config_cache_absent": true,
        "unique_test_token": true,
        "mail_array": true,
        "queue_sync": true,
        "broadcast_disabled": true,
        "cache_array": true,
        "session_array": true,
        "maintenance_files_absent": true,
        "isolated_schema_does_not_exist": true
    },
    "base_path": "C:\\Users\\steph\\Herd\\oblivionfindings",
    "isolated_database_for_testcase": "oblivion_it_support_test_it_d2729ce4ca554f4a",
    "database_mutations_performed": false
}

  [30;42;1m PASS [39;49;22m[39m Tests\Feature\It\ItKnowledgeRevisionWorkspaceTest[39m
  [32;1m✓[39;22m[90m [39m[90mguessed historical file references require access to the original scope before saving[39m[90m                     [39m [90m302.96s[39m  
  [32;1m✓[39;22m[90m [39m[90mprivate PDF versions retain history and enforce current document access on preview and originals[39m[90m            [39m [90m3.11s[39m  

  [90mTests:[39m    [32;1m2 passed[39;22m[90m (36 assertions)[39m
  [90mDuration:[39m [39m306.41s[39m

{"phase":"focused_tests_finished","exit_code":0}
{
    "isolation_checks": {
        "environment_testing": true,
        "database_mysql": true,
        "database_loopback": true,
        "dedicated_database_base": true,
        "database_url_absent": true,
        "config_cache_absent": true,
        "unique_test_token": true,
        "mail_array": true,
        "queue_sync": true,
        "broadcast_disabled": true,
        "cache_array": true,
        "session_array": true,
        "maintenance_files_absent": true,
        "isolated_schema_does_not_exist": true
    },
    "base_path": "C:\\Users\\steph\\Herd\\oblivionfindings",
    "isolated_database_for_testcase": "oblivion_it_support_test_it_d2729ce4ca554f4a",
    "database_mutations_performed": false
}
